MPLINK 5.00, LINKER
Linker Map File - Created Sun Nov 12 14:50:21 2017

                                 Section Info
                  Section       Type    Address   Location Size(Bytes)
                ---------  ---------  ---------  ---------  ---------
               _entry_scn       code   0x000000    program   0x000006
               highVector       code   0x000008    program   0x00000c
                lowVector       code   0x000018    program   0x000006
                   .cinit    romdata   0x00002a    program   0x000002
          .code_ucos_ii.o       code   0x00002c    program   0x00327c
         .code_os_cpu_c.o       code   0x0032a8    program   0x00054a
      .code_code_lab2_3.o       code   0x0037f2    program   0x0002e8
       .romdata_ucos_ii.o    romdata   0x003ada    program   0x000108
         .code_openxlcd.o       code   0x003be2    program   0x0000ec
               _cinit_scn       code   0x003cce    program   0x00009e
         .code_putrxlcd.o       code   0x003d6c    program   0x000076
          .code_fxm3232.o       code   0x003de2    program   0x000070
         .code_setddram.o       code   0x003e52    program   0x00005e
         .code_setcgram.o       code   0x003eb0    program   0x00005e
         .code_writdata.o       code   0x003f0e    program   0x00005c
         .code_wcmdxlcd.o       code   0x003f6a    program   0x00005c
         .code_putsxlcd.o       code   0x003fc6    program   0x00005a
         .code_readdata.o       code   0x004020    program   0x000052
         .code_readaddr.o       code   0x004072    program   0x000052
         .code_fxd3232u.o       code   0x0040c4    program   0x000048
           .code_t1open.o       code   0x00410c    program   0x000042
         .code_busyxlcd.o       code   0x00414e    program   0x00003e
          .code_t1write.o       code   0x00418c    program   0x000038
          .code_t0write.o       code   0x0041c4    program   0x000038
           .code_t0open.o       code   0x0041fc    program   0x000038
                   STRING       code   0x004234    program   0x000034
             D10KTCYXCODE       code   0x004268    program   0x00002e
                    .code       code   0x004296    program   0x000020
             .stringtable    romdata   0x0042b6    program   0x00001e
          .code_vectors.o       code   0x0042d4    program   0x00001e
             _startup_scn       code   0x0042f2    program   0x00001c
             D100TCYXCODE       code   0x00430e    program   0x00001c
              D10TCYXCODE       code   0x00432a    program   0x000016
           .code___init.o       code   0x004340    program   0x000002
        .romdata___init.o    romdata   0x004342    program   0x000000
       .idata_ucos_ii.o_i    romdata   0x004342    program   0x000000
        .idata___init.o_i    romdata   0x004342    program   0x000000
       .romdata_t1write.o    romdata   0x004342    program   0x000000
       .idata_t1write.o_i    romdata   0x004342    program   0x000000
       .romdata_t0write.o    romdata   0x004342    program   0x000000
      .idata_fxd3232u.o_i    romdata   0x004342    program   0x000000
       .idata_t0write.o_i    romdata   0x004342    program   0x000000
      .romdata_fxd3232u.o    romdata   0x004342    program   0x000000
        .romdata_t1open.o    romdata   0x004342    program   0x000000
        .idata_t1open.o_i    romdata   0x004342    program   0x000000
       .idata_fxm3232.o_i    romdata   0x004342    program   0x000000
       .romdata_fxm3232.o    romdata   0x004342    program   0x000000
        .romdata_t0open.o    romdata   0x004342    program   0x000000
        .idata_t0open.o_i    romdata   0x004342    program   0x000000
         .idata_c018i.o_i    romdata   0x004342    program   0x000000
         .romdata_c018i.o    romdata   0x004342    program   0x000000
            .code_c018i.o       code   0x004342    program   0x000000
   .idata_code_lab2_3.o_i    romdata   0x004342    program   0x000000
   .romdata_code_lab2_3.o    romdata   0x004342    program   0x000000
      .idata_writdata.o_i    romdata   0x004342    program   0x000000
      .romdata_writdata.o    romdata   0x004342    program   0x000000
      .idata_setcgram.o_i    romdata   0x004342    program   0x000000
      .romdata_setcgram.o    romdata   0x004342    program   0x000000
      .idata_setddram.o_i    romdata   0x004342    program   0x000000
      .romdata_setddram.o    romdata   0x004342    program   0x000000
      .idata_putsxlcd.o_i    romdata   0x004342    program   0x000000
      .romdata_putsxlcd.o    romdata   0x004342    program   0x000000
      .idata_putrxlcd.o_i    romdata   0x004342    program   0x000000
      .romdata_os_cpu_c.o    romdata   0x004342    program   0x000000
      .idata_os_cpu_c.o_i    romdata   0x004342    program   0x000000
       .romdata_vectors.o    romdata   0x004342    program   0x000000
       .idata_vectors.o_i    romdata   0x004342    program   0x000000
      .romdata_openxlcd.o    romdata   0x004342    program   0x000000
      .idata_openxlcd.o_i    romdata   0x004342    program   0x000000
      .romdata_readaddr.o    romdata   0x004342    program   0x000000
      .idata_readaddr.o_i    romdata   0x004342    program   0x000000
      .romdata_busyxlcd.o    romdata   0x004342    program   0x000000
      .idata_busyxlcd.o_i    romdata   0x004342    program   0x000000
      .romdata_wcmdxlcd.o    romdata   0x004342    program   0x000000
      .idata_wcmdxlcd.o_i    romdata   0x004342    program   0x000000
      .romdata_readdata.o    romdata   0x004342    program   0x000000
      .idata_readdata.o_i    romdata   0x004342    program   0x000000
      .romdata_putrxlcd.o    romdata   0x004342    program   0x000000
.config_300001_code_lab2_3.o    romdata   0x300001    program   0x000001
.config_300003_code_lab2_3.o    romdata   0x300003    program   0x000001
.config_300006_code_lab2_3.o    romdata   0x300006    program   0x000001
                 .tmpdata      udata   0x000000       data   0x000014
                MATH_DATA      udata   0x000014       data   0x000010
                DELAYDAT2      udata   0x000024       data   0x000001
                DELAYDAT1      udata   0x000025       data   0x000001
                   .stack      udata   0x000080       data   0x000030
         .udata_ucos_ii.o      udata   0x0000b0       data   0x0001b3
     .udata_code_lab2_3.o      udata   0x000263       data   0x000131
           .udata_c018i.o      udata   0x000394       data   0x00000a
         .idata_vectors.o      idata   0x00039e       data   0x000000
        .udata_os_cpu_c.o      udata   0x00039e       data   0x000000
        .idata_os_cpu_c.o      idata   0x00039e       data   0x000000
         .idata_ucos_ii.o      idata   0x00039e       data   0x000000
           .idata_c018i.o      idata   0x00039e       data   0x000000
        .udata_fxd3232u.o      udata   0x00039e       data   0x000000
        .idata_fxd3232u.o      idata   0x00039e       data   0x000000
         .udata_fxm3232.o      udata   0x00039e       data   0x000000
         .idata_fxm3232.o      idata   0x00039e       data   0x000000
          .udata_t0open.o      udata   0x00039e       data   0x000000
          .idata_t0open.o      idata   0x00039e       data   0x000000
          .udata_t1open.o      udata   0x00039e       data   0x000000
          .idata_t1open.o      idata   0x00039e       data   0x000000
         .udata_t0write.o      udata   0x00039e       data   0x000000
         .idata_t0write.o      idata   0x00039e       data   0x000000
         .udata_t1write.o      udata   0x00039e       data   0x000000
         .idata_t1write.o      idata   0x00039e       data   0x000000
          .udata___init.o      udata   0x00039e       data   0x000000
          .idata___init.o      idata   0x00039e       data   0x000000
     .idata_code_lab2_3.o      idata   0x00039e       data   0x000000
        .udata_writdata.o      udata   0x00039e       data   0x000000
        .idata_writdata.o      idata   0x00039e       data   0x000000
        .udata_setcgram.o      udata   0x00039e       data   0x000000
        .idata_setcgram.o      idata   0x00039e       data   0x000000
        .udata_setddram.o      udata   0x00039e       data   0x000000
        .idata_setddram.o      idata   0x00039e       data   0x000000
        .udata_putsxlcd.o      udata   0x00039e       data   0x000000
        .idata_putsxlcd.o      idata   0x00039e       data   0x000000
        .udata_putrxlcd.o      udata   0x00039e       data   0x000000
        .idata_putrxlcd.o      idata   0x00039e       data   0x000000
        .udata_readdata.o      udata   0x00039e       data   0x000000
        .idata_readdata.o      idata   0x00039e       data   0x000000
        .udata_wcmdxlcd.o      udata   0x00039e       data   0x000000
        .idata_wcmdxlcd.o      idata   0x00039e       data   0x000000
        .udata_busyxlcd.o      udata   0x00039e       data   0x000000
        .idata_busyxlcd.o      idata   0x00039e       data   0x000000
        .udata_readaddr.o      udata   0x00039e       data   0x000000
        .idata_readaddr.o      idata   0x00039e       data   0x000000
        .udata_openxlcd.o      udata   0x00039e       data   0x000000
        .idata_openxlcd.o      idata   0x00039e       data   0x000000
         .udata_vectors.o      udata   0x00039e       data   0x000000
            SFR_UNBANKED0      udata   0x000f80       data   0x000080



                              Program Memory Usage 
                               Start         End      
                           ---------   ---------      
                            0x000000    0x000005      
                            0x000008    0x000013      
                            0x000018    0x00001d      
                            0x00002a    0x004341      
                            0x300001    0x300001      
                            0x300003    0x300003      
                            0x300006    0x300006      
            17203 out of 33048 program addresses used, program memory utilization is 52%



                              Symbols - Sorted by Name
                     Name    Address   Location    Storage File                     
                ---------  ---------  ---------  --------- ---------                
                 BusyXLCD   0x00414e    program     extern C:\Users\Duane\Desktop\Lab 2\uP Lab2-3.X\cus_xlcd\busyxlcd.c
     CPUhighInterruptHook   0x0042ec    program     extern C:\Users\Duane\Desktop\Lab 2\uP Lab2-3.X\Port\vectors.c
            CPUhighVector   0x000008    program     extern C:\Users\Duane\Desktop\Lab 2\uP Lab2-3.X\Port\os_cpu_c.c
          CPUlowInterrupt   0x003698    program     extern C:\Users\Duane\Desktop\Lab 2\uP Lab2-3.X\Port\os_cpu_c.c
      CPUlowInterruptHook   0x0042d4    program     extern C:\Users\Duane\Desktop\Lab 2\uP Lab2-3.X\Port\vectors.c
             CPUlowVector   0x000018    program     extern C:\Users\Duane\Desktop\Lab 2\uP Lab2-3.X\Port\os_cpu_c.c
                   D100_1   0x00431c    program     static E:\3.46\pic18-lt\cxx-framework\src\traditional\delays\d100tcyx.asm
                    D100x   0x00431a    program     static E:\3.46\pic18-lt\cxx-framework\src\traditional\delays\d100tcyx.asm
                   D10K_1   0x004274    program     static E:\3.46\pic18-lt\cxx-framework\src\traditional\delays\d10ktcyx.asm
                    D10Kl   0x004280    program     static E:\3.46\pic18-lt\cxx-framework\src\traditional\delays\d10ktcyx.asm
                    D10Kx   0x004272    program     static E:\3.46\pic18-lt\cxx-framework\src\traditional\delays\d10ktcyx.asm
                    D10_1   0x00433a    program     static E:\3.46\pic18-lt\cxx-framework\src\traditional\delays\d10tcyx.asm
                     D10x   0x004332    program     static E:\3.46\pic18-lt\cxx-framework\src\traditional\delays\d10tcyx.asm
             Delay100TCYx   0x00430e    program     extern E:\3.46\pic18-lt\cxx-framework\src\traditional\delays\d100tcyx.asm
             Delay10KTCYx   0x004268    program     extern E:\3.46\pic18-lt\cxx-framework\src\traditional\delays\d10ktcyx.asm
              Delay10TCYx   0x00432a    program     extern E:\3.46\pic18-lt\cxx-framework\src\traditional\delays\d10tcyx.asm
            DelayFor18TCY   0x003828    program     extern C:\Users\Duane\Desktop\Lab 2\uP Lab2-3.X\App\code_lab2_3.c
             DelayPORXLCD   0x003834    program     extern C:\Users\Duane\Desktop\Lab 2\uP Lab2-3.X\App\code_lab2_3.c
                DelayXLCD   0x003840    program     extern C:\Users\Duane\Desktop\Lab 2\uP Lab2-3.X\App\code_lab2_3.c
                 FXD3232U   0x0040c4    program     extern E:\3.46\pic18-lt\cxx-framework\src\traditional\math\fxd3232u.c
                  FXM3232   0x003de2    program     extern E:\3.46\pic18-lt\cxx-framework\src\traditional\math\fxm3232.c
                  OSCtxSw   0x0035a2    program     extern C:\Users\Duane\Desktop\Lab 2\uP Lab2-3.X\Port\os_cpu_c.c
                   OSInit   0x00002c    program     extern C:\Users\Duane\Desktop\Lab 2\uP Lab2-3.X\Source\os_core.c
          OSInitHookBegin   0x00351a    program     extern C:\Users\Duane\Desktop\Lab 2\uP Lab2-3.X\Port\os_cpu_c.c
            OSInitHookEnd   0x00351c    program     extern C:\Users\Duane\Desktop\Lab 2\uP Lab2-3.X\Port\os_cpu_c.c
               OSIntCtxSw   0x00372a    program     extern C:\Users\Duane\Desktop\Lab 2\uP Lab2-3.X\Port\os_cpu_c.c
               OSIntEnter   0x00004e    program     extern C:\Users\Duane\Desktop\Lab 2\uP Lab2-3.X\Source\os_core.c
                OSIntExit   0x000072    program     extern C:\Users\Duane\Desktop\Lab 2\uP Lab2-3.X\Source\os_core.c
                 OSMapTbl   0x003ada    program     extern C:\Users\Duane\Desktop\Lab 2\uP Lab2-3.X\Source\os_core.c
              OSSchedLock   0x00017e    program     extern C:\Users\Duane\Desktop\Lab 2\uP Lab2-3.X\Source\os_core.c
            OSSchedUnlock   0x0001d2    program     extern C:\Users\Duane\Desktop\Lab 2\uP Lab2-3.X\Source\os_core.c
              OSSemAccept   0x0013fe    program     extern C:\Users\Duane\Desktop\Lab 2\uP Lab2-3.X\Source\os_sem.c
              OSSemCreate   0x0014d0    program     extern C:\Users\Duane\Desktop\Lab 2\uP Lab2-3.X\Source\os_sem.c
                 OSSemDel   0x0015c4    program     extern C:\Users\Duane\Desktop\Lab 2\uP Lab2-3.X\Source\os_sem.c
                OSSemPend   0x001800    program     extern C:\Users\Duane\Desktop\Lab 2\uP Lab2-3.X\Source\os_sem.c
                OSSemPost   0x001992    program     extern C:\Users\Duane\Desktop\Lab 2\uP Lab2-3.X\Source\os_sem.c
               OSSemQuery   0x001a92    program     extern C:\Users\Duane\Desktop\Lab 2\uP Lab2-3.X\Source\os_sem.c
                  OSStart   0x000232    program     extern C:\Users\Duane\Desktop\Lab 2\uP Lab2-3.X\Source\os_core.c
           OSStartHighRdy   0x00351e    program     extern C:\Users\Duane\Desktop\Lab 2\uP Lab2-3.X\Port\os_cpu_c.c
               OSStatInit   0x000314    program     extern C:\Users\Duane\Desktop\Lab 2\uP Lab2-3.X\Source\os_core.c
            OSTCBInitHook   0x0034fc    program     extern C:\Users\Duane\Desktop\Lab 2\uP Lab2-3.X\Port\os_cpu_c.c
         OSTaskChangePrio   0x001be4    program     extern C:\Users\Duane\Desktop\Lab 2\uP Lab2-3.X\Source\os_task.c
             OSTaskCreate   0x002024    program     extern C:\Users\Duane\Desktop\Lab 2\uP Lab2-3.X\Source\os_task.c
          OSTaskCreateExt   0x0021aa    program     extern C:\Users\Duane\Desktop\Lab 2\uP Lab2-3.X\Source\os_task.c
         OSTaskCreateHook   0x0034bc    program     extern C:\Users\Duane\Desktop\Lab 2\uP Lab2-3.X\Port\os_cpu_c.c
                OSTaskDel   0x0023a0    program     extern C:\Users\Duane\Desktop\Lab 2\uP Lab2-3.X\Source\os_task.c
            OSTaskDelHook   0x0034d8    program     extern C:\Users\Duane\Desktop\Lab 2\uP Lab2-3.X\Port\os_cpu_c.c
             OSTaskDelReq   0x002742    program     extern C:\Users\Duane\Desktop\Lab 2\uP Lab2-3.X\Source\os_task.c
           OSTaskIdleHook   0x003518    program     extern C:\Users\Duane\Desktop\Lab 2\uP Lab2-3.X\Port\os_cpu_c.c
             OSTaskResume   0x002846    program     extern C:\Users\Duane\Desktop\Lab 2\uP Lab2-3.X\Source\os_task.c
           OSTaskStatHook   0x0034f8    program     extern C:\Users\Duane\Desktop\Lab 2\uP Lab2-3.X\Port\os_cpu_c.c
             OSTaskStkChk   0x002988    program     extern C:\Users\Duane\Desktop\Lab 2\uP Lab2-3.X\Source\os_task.c
            OSTaskStkInit   0x0032a8    program     extern C:\Users\Duane\Desktop\Lab 2\uP Lab2-3.X\Port\os_cpu_c.c
            OSTaskSuspend   0x002ba8    program     extern C:\Users\Duane\Desktop\Lab 2\uP Lab2-3.X\Source\os_task.c
             OSTaskSwHook   0x0034f4    program     extern C:\Users\Duane\Desktop\Lab 2\uP Lab2-3.X\Port\os_cpu_c.c
                OSTimeDly   0x002d14    program     extern C:\Users\Duane\Desktop\Lab 2\uP Lab2-3.X\Source\os_time.c
            OSTimeDlyHMSM   0x002dbe    program     extern C:\Users\Duane\Desktop\Lab 2\uP Lab2-3.X\Source\os_time.c
          OSTimeDlyResume   0x00309a    program     extern C:\Users\Duane\Desktop\Lab 2\uP Lab2-3.X\Source\os_time.c
                OSTimeGet   0x0031d8    program     extern C:\Users\Duane\Desktop\Lab 2\uP Lab2-3.X\Source\os_time.c
                OSTimeSet   0x00325e    program     extern C:\Users\Duane\Desktop\Lab 2\uP Lab2-3.X\Source\os_time.c
               OSTimeTick   0x000394    program     extern C:\Users\Duane\Desktop\Lab 2\uP Lab2-3.X\Source\os_core.c
           OSTimeTickHook   0x0034fa    program     extern C:\Users\Duane\Desktop\Lab 2\uP Lab2-3.X\Port\os_cpu_c.c
               OSUnMapTbl   0x003ae2    program     extern C:\Users\Duane\Desktop\Lab 2\uP Lab2-3.X\Source\os_core.c
                OSVersion   0x000510    program     extern C:\Users\Duane\Desktop\Lab 2\uP Lab2-3.X\Source\os_core.c
                 OS_Dummy   0x00051a    program     extern C:\Users\Duane\Desktop\Lab 2\uP Lab2-3.X\Source\os_core.c
               OS_EventTO   0x000858    program     extern C:\Users\Duane\Desktop\Lab 2\uP Lab2-3.X\Source\os_core.c
          OS_EventTaskRdy   0x00051c    program     extern C:\Users\Duane\Desktop\Lab 2\uP Lab2-3.X\Source\os_core.c
         OS_EventTaskWait   0x00077a    program     extern C:\Users\Duane\Desktop\Lab 2\uP Lab2-3.X\Source\os_core.c
     OS_EventWaitListInit   0x000904    program     extern C:\Users\Duane\Desktop\Lab 2\uP Lab2-3.X\Source\os_core.c
         OS_InitEventList   0x00096e    program     static C:\Users\Duane\Desktop\Lab 2\uP Lab2-3.X\Source\os_core.c
              OS_InitMisc   0x000a84    program     static C:\Users\Duane\Desktop\Lab 2\uP Lab2-3.X\Source\os_core.c
           OS_InitRdyList   0x000acc    program     static C:\Users\Duane\Desktop\Lab 2\uP Lab2-3.X\Source\os_core.c
           OS_InitTCBList   0x000c0c    program     static C:\Users\Duane\Desktop\Lab 2\uP Lab2-3.X\Source\os_core.c
          OS_InitTaskIdle   0x000b5e    program     static C:\Users\Duane\Desktop\Lab 2\uP Lab2-3.X\Source\os_core.c
          OS_InitTaskStat   0x000bb4    program     static C:\Users\Duane\Desktop\Lab 2\uP Lab2-3.X\Source\os_core.c
                 OS_Sched   0x000d04    program     extern C:\Users\Duane\Desktop\Lab 2\uP Lab2-3.X\Source\os_core.c
               OS_TCBInit   0x00102e    program     extern C:\Users\Duane\Desktop\Lab 2\uP Lab2-3.X\Source\os_core.c
              OS_TaskIdle   0x000e04    program     extern C:\Users\Duane\Desktop\Lab 2\uP Lab2-3.X\Source\os_core.c
              OS_TaskStat   0x000e60    program     extern C:\Users\Duane\Desktop\Lab 2\uP Lab2-3.X\Source\os_core.c
               OpenTimer0   0x0041fc    program     extern E:\3.46\pic18-lt\cxx-framework\src\pmc_common\Timers\t0open.c
               OpenTimer1   0x00410c    program     extern E:\3.46\pic18-lt\cxx-framework\src\pmc_common\Timers\t1open.c
                 OpenXLCD   0x003be2    program     extern C:\Users\Duane\Desktop\Lab 2\uP Lab2-3.X\cus_xlcd\openxlcd.c
             ReadAddrXLCD   0x004072    program     extern C:\Users\Duane\Desktop\Lab 2\uP Lab2-3.X\cus_xlcd\readaddr.c
             ReadDataXLCD   0x004020    program     extern C:\Users\Duane\Desktop\Lab 2\uP Lab2-3.X\cus_xlcd\readdata.c
             SetCGRamAddr   0x003eb0    program     extern C:\Users\Duane\Desktop\Lab 2\uP Lab2-3.X\cus_xlcd\setcgram.c
             SetDDRamAddr   0x003e52    program     extern C:\Users\Duane\Desktop\Lab 2\uP Lab2-3.X\cus_xlcd\setddram.c
                    TaskA   0x00384c    program     extern C:\Users\Duane\Desktop\Lab 2\uP Lab2-3.X\App\code_lab2_3.c
                    TaskB   0x003904    program     extern C:\Users\Duane\Desktop\Lab 2\uP Lab2-3.X\App\code_lab2_3.c
             WriteCmdXLCD   0x003f6a    program     extern C:\Users\Duane\Desktop\Lab 2\uP Lab2-3.X\cus_xlcd\wcmdxlcd.c
            WriteDataXLCD   0x003f0e    program     extern C:\Users\Duane\Desktop\Lab 2\uP Lab2-3.X\cus_xlcd\writdata.c
              WriteTimer0   0x0041c4    program     extern E:\3.46\pic18-lt\cxx-framework\src\pmc_common\Timers\t0write.c
              WriteTimer1   0x00418c    program     extern E:\3.46\pic18-lt\cxx-framework\src\pmc_common\Timers\t1write.c
              _2jContinue   0x004254    program     static E:\3.46\pic18-lt\cxx-framework\src\traditional\stdclib\memset.asm
                   _3jEnd   0x00425e    program     static E:\3.46\pic18-lt\cxx-framework\src\traditional\stdclib\memset.asm
       _D100TCYXCODE_0008   0x004316    program     static E:\3.46\pic18-lt\cxx-framework\src\traditional\delays\d100tcyx.asm
       _D100TCYXCODE_0012   0x004320    program     static E:\3.46\pic18-lt\cxx-framework\src\traditional\delays\d100tcyx.asm
       _D100TCYXCODE_0018   0x004326    program     static E:\3.46\pic18-lt\cxx-framework\src\traditional\delays\d100tcyx.asm
       _D10KTCYXCODE_0010   0x004278    program     static E:\3.46\pic18-lt\cxx-framework\src\traditional\delays\d10ktcyx.asm
       _D10KTCYXCODE_001C   0x004284    program     static E:\3.46\pic18-lt\cxx-framework\src\traditional\delays\d10ktcyx.asm
        _D10TCYXCODE_000A   0x004334    program     static E:\3.46\pic18-lt\cxx-framework\src\traditional\delays\d10tcyx.asm
        _D10TCYXCODE_000C   0x004336    program     static E:\3.46\pic18-lt\cxx-framework\src\traditional\delays\d10tcyx.asm
        _D10TCYXCODE_000E   0x004338    program     static E:\3.46\pic18-lt\cxx-framework\src\traditional\delays\d10tcyx.asm
           ___do_lbl00014   0x00355a    program     static                          
           ___do_lbl00015   0x00355e    program     static                          
           ___do_lbl00016   0x00354c    program     static                          
           ___do_lbl00021   0x003650    program     static                          
           ___do_lbl00022   0x003654    program     static                          
           ___do_lbl00023   0x003642    program     static                          
           ___do_lbl00034   0x0037aa    program     static                          
           ___do_lbl00035   0x0037ae    program     static                          
           ___do_lbl00036   0x00379c    program     static                          
           ___if_lbl00013   0x003546    program     static                          
           ___if_lbl00020   0x00360e    program     static                          
           ___if_lbl00030   0x003758    program     static                          
           ___if_lbl00033   0x003796    program     static                          
       ___return_lbl00000   0x00410a    program     static                          
       ___return_lbl00000   0x003e50    program     static                          
       ___return_lbl00000   0x000004    program     static                          
       ___return_lbl00001   0x00430c    program     static                          
       ___return_lbl00002   0x003d6a    program     static                          
       ___return_lbl00003   0x0034f6    program     static                          
       ___return_lbl00010   0x0035a0    program     static                          
       ___return_lbl00017   0x003696    program     static                          
       ___return_lbl00024   0x000012    program     static                          
       ___return_lbl00025   0x00001c    program     static                          
       ___return_lbl00026   0x003728    program     static                          
       ___return_lbl00027   0x0037f0    program     static                          
        ___while_lbl00011   0x003536    program     static                          
        ___while_lbl00012   0x003540    program     static                          
        ___while_lbl00018   0x0035ec    program     static                          
        ___while_lbl00019   0x003604    program     static                          
        ___while_lbl00028   0x003736    program     static                          
        ___while_lbl00029   0x00374e    program     static                          
        ___while_lbl00031   0x003786    program     static                          
        ___while_lbl00032   0x003790    program     static                          
               __config_0   0x300001    program     static C:\Users\Duane\Desktop\Lab 2\uP Lab2-3.X\App\code_lab2_3.c
               __config_1   0x300003    program     static C:\Users\Duane\Desktop\Lab 2\uP Lab2-3.X\App\code_lab2_3.c
               __config_2   0x300006    program     static C:\Users\Duane\Desktop\Lab 2\uP Lab2-3.X\App\code_lab2_3.c
                   __init   0x004340    program     extern E:\3.46\pic18-lt\cxx-framework\src\traditional\stdclib\__init.c
               __string_0   0x0042c5    program     static C:\Users\Duane\Desktop\Lab 2\uP Lab2-3.X\App\code_lab2_3.c
               __string_1   0x0042b6    program     static C:\Users\Duane\Desktop\Lab 2\uP Lab2-3.X\App\code_lab2_3.c
            __zero_memory   0x004296    program     extern E:\3.46\pic18-lt\cxx-framework\src\traditional\proc\p18f452.asm
                _do_cinit   0x003cce    program     extern E:\3.46\pic18-lt\cxx-framework\src\traditional\startup\c018i.c
                   _entry   0x000000    program     extern E:\3.46\pic18-lt\cxx-framework\src\traditional\startup\c018i.c
                   _false   0x004106    program     static                          
                 _startup   0x0042f2    program     extern E:\3.46\pic18-lt\cxx-framework\src\traditional\startup\c018i.c
                   appISR   0x0037f2    program     extern C:\Users\Duane\Desktop\Lab 2\uP Lab2-3.X\App\code_lab2_3.c
                compare_l   0x0042ac    program     static E:\3.46\pic18-lt\cxx-framework\src\traditional\proc\p18f452.asm
                copy_loop   0x003d40    program     static                          
            copy_one_byte   0x003d46    program     static                          
                     done   0x003d6a    program     static                          
             done_copying   0x003d54    program     static                          
                     jEnd   0x004266    program     static E:\3.46\pic18-lt\cxx-framework\src\traditional\stdclib\memset.asm
                    jLoop   0x004248    program     static E:\3.46\pic18-lt\cxx-framework\src\traditional\stdclib\memset.asm
                     loop   0x0040d2    program     static                          
                     loop   0x004302    program     static                          
                   loop_h   0x0042a4    program     static E:\3.46\pic18-lt\cxx-framework\src\traditional\proc\p18f452.asm
                   loop_l   0x0042ae    program     static E:\3.46\pic18-lt\cxx-framework\src\traditional\proc\p18f452.asm
                     main   0x0039c6    program     extern C:\Users\Duane\Desktop\Lab 2\uP Lab2-3.X\App\code_lab2_3.c
                   memset   0x004234    program     extern E:\3.46\pic18-lt\cxx-framework\src\traditional\stdclib\memset.asm
                putrsXLCD   0x003d6c    program     extern C:\Users\Duane\Desktop\Lab 2\uP Lab2-3.X\cus_xlcd\putrxlcd.c
                 putsXLCD   0x003fc6    program     extern C:\Users\Duane\Desktop\Lab 2\uP Lab2-3.X\cus_xlcd\putsxlcd.c
                     test   0x003ce8    program     static                          
               zero_block   0x0042a4    program     static E:\3.46\pic18-lt\cxx-framework\src\traditional\proc\p18f452.asm
                   ADCON0   0x000fc2       data     extern E:\3.46\pic18-lt\cxx-framework\src\traditional\proc\p18f452.asm
               ADCON0bits   0x000fc2       data     extern E:\3.46\pic18-lt\cxx-framework\src\traditional\proc\p18f452.asm
                   ADCON1   0x000fc1       data     extern E:\3.46\pic18-lt\cxx-framework\src\traditional\proc\p18f452.asm
               ADCON1bits   0x000fc1       data     extern E:\3.46\pic18-lt\cxx-framework\src\traditional\proc\p18f452.asm
                    ADRES   0x000fc3       data     extern E:\3.46\pic18-lt\cxx-framework\src\traditional\proc\p18f452.asm
                   ADRESH   0x000fc4       data     extern E:\3.46\pic18-lt\cxx-framework\src\traditional\proc\p18f452.asm
                   ADRESL   0x000fc3       data     extern E:\3.46\pic18-lt\cxx-framework\src\traditional\proc\p18f452.asm
                      BSR   0x000fe0       data     extern E:\3.46\pic18-lt\cxx-framework\src\traditional\proc\p18f452.asm
                  CCP1CON   0x000fbd       data     extern E:\3.46\pic18-lt\cxx-framework\src\traditional\proc\p18f452.asm
              CCP1CONbits   0x000fbd       data     extern E:\3.46\pic18-lt\cxx-framework\src\traditional\proc\p18f452.asm
                  CCP2CON   0x000fba       data     extern E:\3.46\pic18-lt\cxx-framework\src\traditional\proc\p18f452.asm
              CCP2CONbits   0x000fba       data     extern E:\3.46\pic18-lt\cxx-framework\src\traditional\proc\p18f452.asm
                    CCPR1   0x000fbe       data     extern E:\3.46\pic18-lt\cxx-framework\src\traditional\proc\p18f452.asm
                   CCPR1H   0x000fbf       data     extern E:\3.46\pic18-lt\cxx-framework\src\traditional\proc\p18f452.asm
                   CCPR1L   0x000fbe       data     extern E:\3.46\pic18-lt\cxx-framework\src\traditional\proc\p18f452.asm
                    CCPR2   0x000fbb       data     extern E:\3.46\pic18-lt\cxx-framework\src\traditional\proc\p18f452.asm
                   CCPR2H   0x000fbc       data     extern E:\3.46\pic18-lt\cxx-framework\src\traditional\proc\p18f452.asm
                   CCPR2L   0x000fbb       data     extern E:\3.46\pic18-lt\cxx-framework\src\traditional\proc\p18f452.asm
                 CountSem   0x000266       data     extern C:\Users\Duane\Desktop\Lab 2\uP Lab2-3.X\App\code_lab2_3.c
                     DDRA   0x000f92       data     extern E:\3.46\pic18-lt\cxx-framework\src\traditional\proc\p18f452.asm
                 DDRAbits   0x000f92       data     extern E:\3.46\pic18-lt\cxx-framework\src\traditional\proc\p18f452.asm
                     DDRB   0x000f93       data     extern E:\3.46\pic18-lt\cxx-framework\src\traditional\proc\p18f452.asm
                 DDRBbits   0x000f93       data     extern E:\3.46\pic18-lt\cxx-framework\src\traditional\proc\p18f452.asm
                     DDRC   0x000f94       data     extern E:\3.46\pic18-lt\cxx-framework\src\traditional\proc\p18f452.asm
                 DDRCbits   0x000f94       data     extern E:\3.46\pic18-lt\cxx-framework\src\traditional\proc\p18f452.asm
                     DDRD   0x000f95       data     extern E:\3.46\pic18-lt\cxx-framework\src\traditional\proc\p18f452.asm
                 DDRDbits   0x000f95       data     extern E:\3.46\pic18-lt\cxx-framework\src\traditional\proc\p18f452.asm
                     DDRE   0x000f96       data     extern E:\3.46\pic18-lt\cxx-framework\src\traditional\proc\p18f452.asm
                 DDREbits   0x000f96       data     extern E:\3.46\pic18-lt\cxx-framework\src\traditional\proc\p18f452.asm
            DelayCounter1   0x000025       data     extern E:\3.46\pic18-lt\cxx-framework\src\traditional\delays\delayd1.asm
            DelayCounter2   0x000024       data     extern E:\3.46\pic18-lt\cxx-framework\src\traditional\delays\delayd2.asm
                  DispSem   0x000264       data     extern C:\Users\Duane\Desktop\Lab 2\uP Lab2-3.X\App\code_lab2_3.c
                    EEADR   0x000fa9       data     extern E:\3.46\pic18-lt\cxx-framework\src\traditional\proc\p18f452.asm
                   EECON1   0x000fa6       data     extern E:\3.46\pic18-lt\cxx-framework\src\traditional\proc\p18f452.asm
               EECON1bits   0x000fa6       data     extern E:\3.46\pic18-lt\cxx-framework\src\traditional\proc\p18f452.asm
                   EECON2   0x000fa7       data     extern E:\3.46\pic18-lt\cxx-framework\src\traditional\proc\p18f452.asm
                   EEDATA   0x000fa8       data     extern E:\3.46\pic18-lt\cxx-framework\src\traditional\proc\p18f452.asm
                     FSR0   0x000fe9       data     extern E:\3.46\pic18-lt\cxx-framework\src\traditional\proc\p18f452.asm
                    FSR0H   0x000fea       data     extern E:\3.46\pic18-lt\cxx-framework\src\traditional\proc\p18f452.asm
                    FSR0L   0x000fe9       data     extern E:\3.46\pic18-lt\cxx-framework\src\traditional\proc\p18f452.asm
                     FSR1   0x000fe1       data     extern E:\3.46\pic18-lt\cxx-framework\src\traditional\proc\p18f452.asm
                    FSR1H   0x000fe2       data     extern E:\3.46\pic18-lt\cxx-framework\src\traditional\proc\p18f452.asm
                    FSR1L   0x000fe1       data     extern E:\3.46\pic18-lt\cxx-framework\src\traditional\proc\p18f452.asm
                     FSR2   0x000fd9       data     extern E:\3.46\pic18-lt\cxx-framework\src\traditional\proc\p18f452.asm
                    FSR2H   0x000fda       data     extern E:\3.46\pic18-lt\cxx-framework\src\traditional\proc\p18f452.asm
                    FSR2L   0x000fd9       data     extern E:\3.46\pic18-lt\cxx-framework\src\traditional\proc\p18f452.asm
                    INDF0   0x000fef       data     extern E:\3.46\pic18-lt\cxx-framework\src\traditional\proc\p18f452.asm
                    INDF1   0x000fe7       data     extern E:\3.46\pic18-lt\cxx-framework\src\traditional\proc\p18f452.asm
                    INDF2   0x000fdf       data     extern E:\3.46\pic18-lt\cxx-framework\src\traditional\proc\p18f452.asm
                   INTCON   0x000ff2       data     extern E:\3.46\pic18-lt\cxx-framework\src\traditional\proc\p18f452.asm
                  INTCON1   0x000ff2       data     extern E:\3.46\pic18-lt\cxx-framework\src\traditional\proc\p18f452.asm
              INTCON1bits   0x000ff2       data     extern E:\3.46\pic18-lt\cxx-framework\src\traditional\proc\p18f452.asm
                  INTCON2   0x000ff1       data     extern E:\3.46\pic18-lt\cxx-framework\src\traditional\proc\p18f452.asm
              INTCON2bits   0x000ff1       data     extern E:\3.46\pic18-lt\cxx-framework\src\traditional\proc\p18f452.asm
                  INTCON3   0x000ff0       data     extern E:\3.46\pic18-lt\cxx-framework\src\traditional\proc\p18f452.asm
              INTCON3bits   0x000ff0       data     extern E:\3.46\pic18-lt\cxx-framework\src\traditional\proc\p18f452.asm
               INTCONbits   0x000ff2       data     extern E:\3.46\pic18-lt\cxx-framework\src\traditional\proc\p18f452.asm
                     IPR1   0x000f9f       data     extern E:\3.46\pic18-lt\cxx-framework\src\traditional\proc\p18f452.asm
                 IPR1bits   0x000f9f       data     extern E:\3.46\pic18-lt\cxx-framework\src\traditional\proc\p18f452.asm
                     IPR2   0x000fa2       data     extern E:\3.46\pic18-lt\cxx-framework\src\traditional\proc\p18f452.asm
                 IPR2bits   0x000fa2       data     extern E:\3.46\pic18-lt\cxx-framework\src\traditional\proc\p18f452.asm
                     LATA   0x000f89       data     extern E:\3.46\pic18-lt\cxx-framework\src\traditional\proc\p18f452.asm
                 LATAbits   0x000f89       data     extern E:\3.46\pic18-lt\cxx-framework\src\traditional\proc\p18f452.asm
                     LATB   0x000f8a       data     extern E:\3.46\pic18-lt\cxx-framework\src\traditional\proc\p18f452.asm
                 LATBbits   0x000f8a       data     extern E:\3.46\pic18-lt\cxx-framework\src\traditional\proc\p18f452.asm
                     LATC   0x000f8b       data     extern E:\3.46\pic18-lt\cxx-framework\src\traditional\proc\p18f452.asm
                 LATCbits   0x000f8b       data     extern E:\3.46\pic18-lt\cxx-framework\src\traditional\proc\p18f452.asm
                     LATD   0x000f8c       data     extern E:\3.46\pic18-lt\cxx-framework\src\traditional\proc\p18f452.asm
                 LATDbits   0x000f8c       data     extern E:\3.46\pic18-lt\cxx-framework\src\traditional\proc\p18f452.asm
                     LATE   0x000f8d       data     extern E:\3.46\pic18-lt\cxx-framework\src\traditional\proc\p18f452.asm
                 LATEbits   0x000f8d       data     extern E:\3.46\pic18-lt\cxx-framework\src\traditional\proc\p18f452.asm
                   LVDCON   0x000fd2       data     extern E:\3.46\pic18-lt\cxx-framework\src\traditional\proc\p18f452.asm
               LVDCONbits   0x000fd2       data     extern E:\3.46\pic18-lt\cxx-framework\src\traditional\proc\p18f452.asm
                   OSCCON   0x000fd3       data     extern E:\3.46\pic18-lt\cxx-framework\src\traditional\proc\p18f452.asm
               OSCCONbits   0x000fd3       data     extern E:\3.46\pic18-lt\cxx-framework\src\traditional\proc\p18f452.asm
               OSCPUUsage   0x0000fc       data     extern C:\Users\Duane\Desktop\Lab 2\uP Lab2-3.X\Source\ucos_ii.h
               OSCtxSwCtr   0x0000b0       data     extern C:\Users\Duane\Desktop\Lab 2\uP Lab2-3.X\Source\ucos_ii.h
          OSEventFreeList   0x0000b4       data     extern C:\Users\Duane\Desktop\Lab 2\uP Lab2-3.X\Source\ucos_ii.h
               OSEventTbl   0x0000b6       data     extern C:\Users\Duane\Desktop\Lab 2\uP Lab2-3.X\Source\ucos_ii.h
                OSIdleCtr   0x000173       data     extern C:\Users\Duane\Desktop\Lab 2\uP Lab2-3.X\Source\ucos_ii.h
             OSIdleCtrMax   0x0000fd       data     extern C:\Users\Duane\Desktop\Lab 2\uP Lab2-3.X\Source\ucos_ii.h
             OSIdleCtrRun   0x000101       data     extern C:\Users\Duane\Desktop\Lab 2\uP Lab2-3.X\Source\ucos_ii.h
               OSIntExitY   0x00016b       data     extern C:\Users\Duane\Desktop\Lab 2\uP Lab2-3.X\Source\ucos_ii.h
             OSIntNesting   0x00016a       data     extern C:\Users\Duane\Desktop\Lab 2\uP Lab2-3.X\Source\ucos_ii.h
            OSLockNesting   0x00016c       data     extern C:\Users\Duane\Desktop\Lab 2\uP Lab2-3.X\Source\ucos_ii.h
                OSPrioCur   0x00016d       data     extern C:\Users\Duane\Desktop\Lab 2\uP Lab2-3.X\Source\ucos_ii.h
            OSPrioHighRdy   0x00016e       data     extern C:\Users\Duane\Desktop\Lab 2\uP Lab2-3.X\Source\ucos_ii.h
                 OSRdyGrp   0x00016f       data     extern C:\Users\Duane\Desktop\Lab 2\uP Lab2-3.X\Source\ucos_ii.h
                 OSRdyTbl   0x000170       data     extern C:\Users\Duane\Desktop\Lab 2\uP Lab2-3.X\Source\ucos_ii.h
                OSRunning   0x000171       data     extern C:\Users\Duane\Desktop\Lab 2\uP Lab2-3.X\Source\ucos_ii.h
                OSStatRdy   0x000105       data     extern C:\Users\Duane\Desktop\Lab 2\uP Lab2-3.X\Source\ucos_ii.h
                 OSTCBCur   0x0001db       data     extern C:\Users\Duane\Desktop\Lab 2\uP Lab2-3.X\Source\ucos_ii.h
            OSTCBFreeList   0x0001dd       data     extern C:\Users\Duane\Desktop\Lab 2\uP Lab2-3.X\Source\ucos_ii.h
             OSTCBHighRdy   0x0001df       data     extern C:\Users\Duane\Desktop\Lab 2\uP Lab2-3.X\Source\ucos_ii.h
                OSTCBList   0x0001e1       data     extern C:\Users\Duane\Desktop\Lab 2\uP Lab2-3.X\Source\ucos_ii.h
             OSTCBPrioTbl   0x0001e3       data     extern C:\Users\Duane\Desktop\Lab 2\uP Lab2-3.X\Source\ucos_ii.h
                 OSTCBTbl   0x0001eb       data     extern C:\Users\Duane\Desktop\Lab 2\uP Lab2-3.X\Source\ucos_ii.h
                OSTaskCtr   0x000172       data     extern C:\Users\Duane\Desktop\Lab 2\uP Lab2-3.X\Source\ucos_ii.h
            OSTaskIdleStk   0x000177       data     extern C:\Users\Duane\Desktop\Lab 2\uP Lab2-3.X\Source\ucos_ii.h
            OSTaskStatStk   0x000106       data     extern C:\Users\Duane\Desktop\Lab 2\uP Lab2-3.X\Source\ucos_ii.h
                   OSTime   0x00025f       data     extern C:\Users\Duane\Desktop\Lab 2\uP Lab2-3.X\Source\ucos_ii.h
                       PC   0x000ff9       data     extern E:\3.46\pic18-lt\cxx-framework\src\traditional\proc\p18f452.asm
                      PCL   0x000ff9       data     extern E:\3.46\pic18-lt\cxx-framework\src\traditional\proc\p18f452.asm
                   PCLATH   0x000ffa       data     extern E:\3.46\pic18-lt\cxx-framework\src\traditional\proc\p18f452.asm
                   PCLATU   0x000ffb       data     extern E:\3.46\pic18-lt\cxx-framework\src\traditional\proc\p18f452.asm
                     PIE1   0x000f9d       data     extern E:\3.46\pic18-lt\cxx-framework\src\traditional\proc\p18f452.asm
                 PIE1bits   0x000f9d       data     extern E:\3.46\pic18-lt\cxx-framework\src\traditional\proc\p18f452.asm
                     PIE2   0x000fa0       data     extern E:\3.46\pic18-lt\cxx-framework\src\traditional\proc\p18f452.asm
                 PIE2bits   0x000fa0       data     extern E:\3.46\pic18-lt\cxx-framework\src\traditional\proc\p18f452.asm
                     PIR1   0x000f9e       data     extern E:\3.46\pic18-lt\cxx-framework\src\traditional\proc\p18f452.asm
                 PIR1bits   0x000f9e       data     extern E:\3.46\pic18-lt\cxx-framework\src\traditional\proc\p18f452.asm
                     PIR2   0x000fa1       data     extern E:\3.46\pic18-lt\cxx-framework\src\traditional\proc\p18f452.asm
                 PIR2bits   0x000fa1       data     extern E:\3.46\pic18-lt\cxx-framework\src\traditional\proc\p18f452.asm
                   PLUSW0   0x000feb       data     extern E:\3.46\pic18-lt\cxx-framework\src\traditional\proc\p18f452.asm
                   PLUSW1   0x000fe3       data     extern E:\3.46\pic18-lt\cxx-framework\src\traditional\proc\p18f452.asm
                   PLUSW2   0x000fdb       data     extern E:\3.46\pic18-lt\cxx-framework\src\traditional\proc\p18f452.asm
                    PORTA   0x000f80       data     extern E:\3.46\pic18-lt\cxx-framework\src\traditional\proc\p18f452.asm
                PORTAbits   0x000f80       data     extern E:\3.46\pic18-lt\cxx-framework\src\traditional\proc\p18f452.asm
                    PORTB   0x000f81       data     extern E:\3.46\pic18-lt\cxx-framework\src\traditional\proc\p18f452.asm
                PORTBbits   0x000f81       data     extern E:\3.46\pic18-lt\cxx-framework\src\traditional\proc\p18f452.asm
                    PORTC   0x000f82       data     extern E:\3.46\pic18-lt\cxx-framework\src\traditional\proc\p18f452.asm
                PORTCbits   0x000f82       data     extern E:\3.46\pic18-lt\cxx-framework\src\traditional\proc\p18f452.asm
                    PORTD   0x000f83       data     extern E:\3.46\pic18-lt\cxx-framework\src\traditional\proc\p18f452.asm
                PORTDbits   0x000f83       data     extern E:\3.46\pic18-lt\cxx-framework\src\traditional\proc\p18f452.asm
                    PORTE   0x000f84       data     extern E:\3.46\pic18-lt\cxx-framework\src\traditional\proc\p18f452.asm
                PORTEbits   0x000f84       data     extern E:\3.46\pic18-lt\cxx-framework\src\traditional\proc\p18f452.asm
                 POSTDEC0   0x000fed       data     extern E:\3.46\pic18-lt\cxx-framework\src\traditional\proc\p18f452.asm
                 POSTDEC1   0x000fe5       data     extern E:\3.46\pic18-lt\cxx-framework\src\traditional\proc\p18f452.asm
                 POSTDEC2   0x000fdd       data     extern E:\3.46\pic18-lt\cxx-framework\src\traditional\proc\p18f452.asm
                 POSTINC0   0x000fee       data     extern E:\3.46\pic18-lt\cxx-framework\src\traditional\proc\p18f452.asm
                 POSTINC1   0x000fe6       data     extern E:\3.46\pic18-lt\cxx-framework\src\traditional\proc\p18f452.asm
                 POSTINC2   0x000fde       data     extern E:\3.46\pic18-lt\cxx-framework\src\traditional\proc\p18f452.asm
                      PR2   0x000fcb       data     extern E:\3.46\pic18-lt\cxx-framework\src\traditional\proc\p18f452.asm
                  PREINC0   0x000fec       data     extern E:\3.46\pic18-lt\cxx-framework\src\traditional\proc\p18f452.asm
                  PREINC1   0x000fe4       data     extern E:\3.46\pic18-lt\cxx-framework\src\traditional\proc\p18f452.asm
                  PREINC2   0x000fdc       data     extern E:\3.46\pic18-lt\cxx-framework\src\traditional\proc\p18f452.asm
                     PROD   0x000ff3       data     extern E:\3.46\pic18-lt\cxx-framework\src\traditional\proc\p18f452.asm
                    PRODH   0x000ff4       data     extern E:\3.46\pic18-lt\cxx-framework\src\traditional\proc\p18f452.asm
                    PRODL   0x000ff3       data     extern E:\3.46\pic18-lt\cxx-framework\src\traditional\proc\p18f452.asm
                     RCON   0x000fd0       data     extern E:\3.46\pic18-lt\cxx-framework\src\traditional\proc\p18f452.asm
                 RCONbits   0x000fd0       data     extern E:\3.46\pic18-lt\cxx-framework\src\traditional\proc\p18f452.asm
                    RCREG   0x000fae       data     extern E:\3.46\pic18-lt\cxx-framework\src\traditional\proc\p18f452.asm
                    RCSTA   0x000fab       data     extern E:\3.46\pic18-lt\cxx-framework\src\traditional\proc\p18f452.asm
                RCSTAbits   0x000fab       data     extern E:\3.46\pic18-lt\cxx-framework\src\traditional\proc\p18f452.asm
                     SIGN   0x000022       data     extern E:\3.46\pic18-lt\cxx-framework\src\traditional\math\cmath18.asm
                    SPBRG   0x000faf       data     extern E:\3.46\pic18-lt\cxx-framework\src\traditional\proc\p18f452.asm
                   SSPADD   0x000fc8       data     extern E:\3.46\pic18-lt\cxx-framework\src\traditional\proc\p18f452.asm
                   SSPBUF   0x000fc9       data     extern E:\3.46\pic18-lt\cxx-framework\src\traditional\proc\p18f452.asm
                  SSPCON1   0x000fc6       data     extern E:\3.46\pic18-lt\cxx-framework\src\traditional\proc\p18f452.asm
              SSPCON1bits   0x000fc6       data     extern E:\3.46\pic18-lt\cxx-framework\src\traditional\proc\p18f452.asm
                  SSPCON2   0x000fc5       data     extern E:\3.46\pic18-lt\cxx-framework\src\traditional\proc\p18f452.asm
              SSPCON2bits   0x000fc5       data     extern E:\3.46\pic18-lt\cxx-framework\src\traditional\proc\p18f452.asm
                  SSPSTAT   0x000fc7       data     extern E:\3.46\pic18-lt\cxx-framework\src\traditional\proc\p18f452.asm
              SSPSTATbits   0x000fc7       data     extern E:\3.46\pic18-lt\cxx-framework\src\traditional\proc\p18f452.asm
                   STATUS   0x000fd8       data     extern E:\3.46\pic18-lt\cxx-framework\src\traditional\proc\p18f452.asm
               STATUSbits   0x000fd8       data     extern E:\3.46\pic18-lt\cxx-framework\src\traditional\proc\p18f452.asm
                   STKPTR   0x000ffc       data     extern E:\3.46\pic18-lt\cxx-framework\src\traditional\proc\p18f452.asm
               STKPTRbits   0x000ffc       data     extern E:\3.46\pic18-lt\cxx-framework\src\traditional\proc\p18f452.asm
                    T0CON   0x000fd5       data     extern E:\3.46\pic18-lt\cxx-framework\src\traditional\proc\p18f452.asm
                T0CONbits   0x000fd5       data     extern E:\3.46\pic18-lt\cxx-framework\src\traditional\proc\p18f452.asm
                    T1CON   0x000fcd       data     extern E:\3.46\pic18-lt\cxx-framework\src\traditional\proc\p18f452.asm
                T1CONbits   0x000fcd       data     extern E:\3.46\pic18-lt\cxx-framework\src\traditional\proc\p18f452.asm
                    T2CON   0x000fca       data     extern E:\3.46\pic18-lt\cxx-framework\src\traditional\proc\p18f452.asm
                T2CONbits   0x000fca       data     extern E:\3.46\pic18-lt\cxx-framework\src\traditional\proc\p18f452.asm
                    T3CON   0x000fb1       data     extern E:\3.46\pic18-lt\cxx-framework\src\traditional\proc\p18f452.asm
                T3CONbits   0x000fb1       data     extern E:\3.46\pic18-lt\cxx-framework\src\traditional\proc\p18f452.asm
                   TABLAT   0x000ff5       data     extern E:\3.46\pic18-lt\cxx-framework\src\traditional\proc\p18f452.asm
                   TBLPTR   0x000ff6       data     extern E:\3.46\pic18-lt\cxx-framework\src\traditional\proc\p18f452.asm
                  TBLPTRH   0x000ff7       data     extern E:\3.46\pic18-lt\cxx-framework\src\traditional\proc\p18f452.asm
                  TBLPTRL   0x000ff6       data     extern E:\3.46\pic18-lt\cxx-framework\src\traditional\proc\p18f452.asm
                  TBLPTRU   0x000ff8       data     extern E:\3.46\pic18-lt\cxx-framework\src\traditional\proc\p18f452.asm
                    TMR0H   0x000fd7       data     extern E:\3.46\pic18-lt\cxx-framework\src\traditional\proc\p18f452.asm
                    TMR0L   0x000fd6       data     extern E:\3.46\pic18-lt\cxx-framework\src\traditional\proc\p18f452.asm
                    TMR1H   0x000fcf       data     extern E:\3.46\pic18-lt\cxx-framework\src\traditional\proc\p18f452.asm
                    TMR1L   0x000fce       data     extern E:\3.46\pic18-lt\cxx-framework\src\traditional\proc\p18f452.asm
                     TMR2   0x000fcc       data     extern E:\3.46\pic18-lt\cxx-framework\src\traditional\proc\p18f452.asm
                    TMR3H   0x000fb3       data     extern E:\3.46\pic18-lt\cxx-framework\src\traditional\proc\p18f452.asm
                    TMR3L   0x000fb2       data     extern E:\3.46\pic18-lt\cxx-framework\src\traditional\proc\p18f452.asm
                      TOS   0x000ffd       data     extern E:\3.46\pic18-lt\cxx-framework\src\traditional\proc\p18f452.asm
                     TOSH   0x000ffe       data     extern E:\3.46\pic18-lt\cxx-framework\src\traditional\proc\p18f452.asm
                     TOSL   0x000ffd       data     extern E:\3.46\pic18-lt\cxx-framework\src\traditional\proc\p18f452.asm
                     TOSU   0x000fff       data     extern E:\3.46\pic18-lt\cxx-framework\src\traditional\proc\p18f452.asm
                    TRISA   0x000f92       data     extern E:\3.46\pic18-lt\cxx-framework\src\traditional\proc\p18f452.asm
                TRISAbits   0x000f92       data     extern E:\3.46\pic18-lt\cxx-framework\src\traditional\proc\p18f452.asm
                    TRISB   0x000f93       data     extern E:\3.46\pic18-lt\cxx-framework\src\traditional\proc\p18f452.asm
                TRISBbits   0x000f93       data     extern E:\3.46\pic18-lt\cxx-framework\src\traditional\proc\p18f452.asm
                    TRISC   0x000f94       data     extern E:\3.46\pic18-lt\cxx-framework\src\traditional\proc\p18f452.asm
                TRISCbits   0x000f94       data     extern E:\3.46\pic18-lt\cxx-framework\src\traditional\proc\p18f452.asm
                    TRISD   0x000f95       data     extern E:\3.46\pic18-lt\cxx-framework\src\traditional\proc\p18f452.asm
                TRISDbits   0x000f95       data     extern E:\3.46\pic18-lt\cxx-framework\src\traditional\proc\p18f452.asm
                    TRISE   0x000f96       data     extern E:\3.46\pic18-lt\cxx-framework\src\traditional\proc\p18f452.asm
                TRISEbits   0x000f96       data     extern E:\3.46\pic18-lt\cxx-framework\src\traditional\proc\p18f452.asm
                    TXREG   0x000fad       data     extern E:\3.46\pic18-lt\cxx-framework\src\traditional\proc\p18f452.asm
                    TXSTA   0x000fac       data     extern E:\3.46\pic18-lt\cxx-framework\src\traditional\proc\p18f452.asm
                TXSTAbits   0x000fac       data     extern E:\3.46\pic18-lt\cxx-framework\src\traditional\proc\p18f452.asm
                 TaskAStk   0x000268       data     extern C:\Users\Duane\Desktop\Lab 2\uP Lab2-3.X\App\code_lab2_3.c
                 TaskBStk   0x0002cc       data     extern C:\Users\Duane\Desktop\Lab 2\uP Lab2-3.X\App\code_lab2_3.c
                        W   0x000fe8       data     extern E:\3.46\pic18-lt\cxx-framework\src\traditional\proc\p18f452.asm
                   WDTCON   0x000fd1       data     extern E:\3.46\pic18-lt\cxx-framework\src\traditional\proc\p18f452.asm
               WDTCONbits   0x000fd1       data     extern E:\3.46\pic18-lt\cxx-framework\src\traditional\proc\p18f452.asm
                     WREG   0x000fe8       data     extern E:\3.46\pic18-lt\cxx-framework\src\traditional\proc\p18f452.asm
                 __AARGB0   0x00001b       data     extern E:\3.46\pic18-lt\cxx-framework\src\traditional\math\aarg.asm
                 __AARGB1   0x00001a       data     extern E:\3.46\pic18-lt\cxx-framework\src\traditional\math\aarg.asm
                 __AARGB2   0x000019       data     extern E:\3.46\pic18-lt\cxx-framework\src\traditional\math\aarg.asm
                 __AARGB3   0x000018       data     extern E:\3.46\pic18-lt\cxx-framework\src\traditional\math\aarg.asm
                 __AARGB4   0x000017       data     extern E:\3.46\pic18-lt\cxx-framework\src\traditional\math\aarg.asm
                 __AARGB5   0x000016       data     extern E:\3.46\pic18-lt\cxx-framework\src\traditional\math\aarg.asm
                 __AARGB6   0x000015       data     extern E:\3.46\pic18-lt\cxx-framework\src\traditional\math\aarg.asm
                 __AARGB7   0x000014       data     extern E:\3.46\pic18-lt\cxx-framework\src\traditional\math\aarg.asm
                   __AEXP   0x00001c       data     extern E:\3.46\pic18-lt\cxx-framework\src\traditional\math\aarg.asm
                 __BARGB0   0x000020       data     extern E:\3.46\pic18-lt\cxx-framework\src\traditional\math\barg.asm
                 __BARGB1   0x00001f       data     extern E:\3.46\pic18-lt\cxx-framework\src\traditional\math\barg.asm
                 __BARGB2   0x00001e       data     extern E:\3.46\pic18-lt\cxx-framework\src\traditional\math\barg.asm
                 __BARGB3   0x00001d       data     extern E:\3.46\pic18-lt\cxx-framework\src\traditional\math\barg.asm
                   __BEXP   0x000021       data     extern E:\3.46\pic18-lt\cxx-framework\src\traditional\math\barg.asm
                __FPFLAGS   0x000023       data     extern E:\3.46\pic18-lt\cxx-framework\src\traditional\math\cmath18.asm
            __FPFLAGSbits   0x000023       data     extern E:\3.46\pic18-lt\cxx-framework\src\traditional\math\cmath18.asm
                  __REMB0   0x000017       data     extern E:\3.46\pic18-lt\cxx-framework\src\traditional\math\aarg.asm
                  __REMB1   0x000016       data     extern E:\3.46\pic18-lt\cxx-framework\src\traditional\math\aarg.asm
                  __REMB2   0x000015       data     extern E:\3.46\pic18-lt\cxx-framework\src\traditional\math\aarg.asm
                  __REMB3   0x000014       data     extern E:\3.46\pic18-lt\cxx-framework\src\traditional\math\aarg.asm
                  __tmp_0   0x000000       data     static C:\Users\Duane\Desktop\Lab 2\uP Lab2-3.X\Source\os_time.c
                  __tmp_0   0x000000       data     static C:\Users\Duane\Desktop\Lab 2\uP Lab2-3.X\Port\os_cpu_c.c
                  __tmp_0   0x000000       data     static C:\Users\Duane\Desktop\Lab 2\uP Lab2-3.X\App\code_lab2_3.c
                curr_byte   0x000397       data     static E:\3.46\pic18-lt\cxx-framework\src\traditional\startup\c018i.c
               curr_entry   0x000399       data     static E:\3.46\pic18-lt\cxx-framework\src\traditional\startup\c018i.c
                 data_ptr   0x00039b       data     static E:\3.46\pic18-lt\cxx-framework\src\traditional\startup\c018i.c
                      err   0x000263       data     extern C:\Users\Duane\Desktop\Lab 2\uP Lab2-3.X\App\code_lab2_3.c
                     prom   0x000394       data     static E:\3.46\pic18-lt\cxx-framework\src\traditional\startup\c018i.c



                              Symbols - Sorted by Address
                     Name    Address   Location    Storage File                     
                ---------  ---------  ---------  --------- ---------                
                   _entry   0x000000    program     extern E:\3.46\pic18-lt\cxx-framework\src\traditional\startup\c018i.c
       ___return_lbl00000   0x000004    program     static                          
            CPUhighVector   0x000008    program     extern C:\Users\Duane\Desktop\Lab 2\uP Lab2-3.X\Port\os_cpu_c.c
       ___return_lbl00024   0x000012    program     static                          
             CPUlowVector   0x000018    program     extern C:\Users\Duane\Desktop\Lab 2\uP Lab2-3.X\Port\os_cpu_c.c
       ___return_lbl00025   0x00001c    program     static                          
                   OSInit   0x00002c    program     extern C:\Users\Duane\Desktop\Lab 2\uP Lab2-3.X\Source\os_core.c
               OSIntEnter   0x00004e    program     extern C:\Users\Duane\Desktop\Lab 2\uP Lab2-3.X\Source\os_core.c
                OSIntExit   0x000072    program     extern C:\Users\Duane\Desktop\Lab 2\uP Lab2-3.X\Source\os_core.c
              OSSchedLock   0x00017e    program     extern C:\Users\Duane\Desktop\Lab 2\uP Lab2-3.X\Source\os_core.c
            OSSchedUnlock   0x0001d2    program     extern C:\Users\Duane\Desktop\Lab 2\uP Lab2-3.X\Source\os_core.c
                  OSStart   0x000232    program     extern C:\Users\Duane\Desktop\Lab 2\uP Lab2-3.X\Source\os_core.c
               OSStatInit   0x000314    program     extern C:\Users\Duane\Desktop\Lab 2\uP Lab2-3.X\Source\os_core.c
               OSTimeTick   0x000394    program     extern C:\Users\Duane\Desktop\Lab 2\uP Lab2-3.X\Source\os_core.c
                OSVersion   0x000510    program     extern C:\Users\Duane\Desktop\Lab 2\uP Lab2-3.X\Source\os_core.c
                 OS_Dummy   0x00051a    program     extern C:\Users\Duane\Desktop\Lab 2\uP Lab2-3.X\Source\os_core.c
          OS_EventTaskRdy   0x00051c    program     extern C:\Users\Duane\Desktop\Lab 2\uP Lab2-3.X\Source\os_core.c
         OS_EventTaskWait   0x00077a    program     extern C:\Users\Duane\Desktop\Lab 2\uP Lab2-3.X\Source\os_core.c
               OS_EventTO   0x000858    program     extern C:\Users\Duane\Desktop\Lab 2\uP Lab2-3.X\Source\os_core.c
     OS_EventWaitListInit   0x000904    program     extern C:\Users\Duane\Desktop\Lab 2\uP Lab2-3.X\Source\os_core.c
         OS_InitEventList   0x00096e    program     static C:\Users\Duane\Desktop\Lab 2\uP Lab2-3.X\Source\os_core.c
              OS_InitMisc   0x000a84    program     static C:\Users\Duane\Desktop\Lab 2\uP Lab2-3.X\Source\os_core.c
           OS_InitRdyList   0x000acc    program     static C:\Users\Duane\Desktop\Lab 2\uP Lab2-3.X\Source\os_core.c
          OS_InitTaskIdle   0x000b5e    program     static C:\Users\Duane\Desktop\Lab 2\uP Lab2-3.X\Source\os_core.c
          OS_InitTaskStat   0x000bb4    program     static C:\Users\Duane\Desktop\Lab 2\uP Lab2-3.X\Source\os_core.c
           OS_InitTCBList   0x000c0c    program     static C:\Users\Duane\Desktop\Lab 2\uP Lab2-3.X\Source\os_core.c
                 OS_Sched   0x000d04    program     extern C:\Users\Duane\Desktop\Lab 2\uP Lab2-3.X\Source\os_core.c
              OS_TaskIdle   0x000e04    program     extern C:\Users\Duane\Desktop\Lab 2\uP Lab2-3.X\Source\os_core.c
              OS_TaskStat   0x000e60    program     extern C:\Users\Duane\Desktop\Lab 2\uP Lab2-3.X\Source\os_core.c
               OS_TCBInit   0x00102e    program     extern C:\Users\Duane\Desktop\Lab 2\uP Lab2-3.X\Source\os_core.c
              OSSemAccept   0x0013fe    program     extern C:\Users\Duane\Desktop\Lab 2\uP Lab2-3.X\Source\os_sem.c
              OSSemCreate   0x0014d0    program     extern C:\Users\Duane\Desktop\Lab 2\uP Lab2-3.X\Source\os_sem.c
                 OSSemDel   0x0015c4    program     extern C:\Users\Duane\Desktop\Lab 2\uP Lab2-3.X\Source\os_sem.c
                OSSemPend   0x001800    program     extern C:\Users\Duane\Desktop\Lab 2\uP Lab2-3.X\Source\os_sem.c
                OSSemPost   0x001992    program     extern C:\Users\Duane\Desktop\Lab 2\uP Lab2-3.X\Source\os_sem.c
               OSSemQuery   0x001a92    program     extern C:\Users\Duane\Desktop\Lab 2\uP Lab2-3.X\Source\os_sem.c
         OSTaskChangePrio   0x001be4    program     extern C:\Users\Duane\Desktop\Lab 2\uP Lab2-3.X\Source\os_task.c
             OSTaskCreate   0x002024    program     extern C:\Users\Duane\Desktop\Lab 2\uP Lab2-3.X\Source\os_task.c
          OSTaskCreateExt   0x0021aa    program     extern C:\Users\Duane\Desktop\Lab 2\uP Lab2-3.X\Source\os_task.c
                OSTaskDel   0x0023a0    program     extern C:\Users\Duane\Desktop\Lab 2\uP Lab2-3.X\Source\os_task.c
             OSTaskDelReq   0x002742    program     extern C:\Users\Duane\Desktop\Lab 2\uP Lab2-3.X\Source\os_task.c
             OSTaskResume   0x002846    program     extern C:\Users\Duane\Desktop\Lab 2\uP Lab2-3.X\Source\os_task.c
             OSTaskStkChk   0x002988    program     extern C:\Users\Duane\Desktop\Lab 2\uP Lab2-3.X\Source\os_task.c
            OSTaskSuspend   0x002ba8    program     extern C:\Users\Duane\Desktop\Lab 2\uP Lab2-3.X\Source\os_task.c
                OSTimeDly   0x002d14    program     extern C:\Users\Duane\Desktop\Lab 2\uP Lab2-3.X\Source\os_time.c
            OSTimeDlyHMSM   0x002dbe    program     extern C:\Users\Duane\Desktop\Lab 2\uP Lab2-3.X\Source\os_time.c
          OSTimeDlyResume   0x00309a    program     extern C:\Users\Duane\Desktop\Lab 2\uP Lab2-3.X\Source\os_time.c
                OSTimeGet   0x0031d8    program     extern C:\Users\Duane\Desktop\Lab 2\uP Lab2-3.X\Source\os_time.c
                OSTimeSet   0x00325e    program     extern C:\Users\Duane\Desktop\Lab 2\uP Lab2-3.X\Source\os_time.c
            OSTaskStkInit   0x0032a8    program     extern C:\Users\Duane\Desktop\Lab 2\uP Lab2-3.X\Port\os_cpu_c.c
         OSTaskCreateHook   0x0034bc    program     extern C:\Users\Duane\Desktop\Lab 2\uP Lab2-3.X\Port\os_cpu_c.c
            OSTaskDelHook   0x0034d8    program     extern C:\Users\Duane\Desktop\Lab 2\uP Lab2-3.X\Port\os_cpu_c.c
             OSTaskSwHook   0x0034f4    program     extern C:\Users\Duane\Desktop\Lab 2\uP Lab2-3.X\Port\os_cpu_c.c
       ___return_lbl00003   0x0034f6    program     static                          
           OSTaskStatHook   0x0034f8    program     extern C:\Users\Duane\Desktop\Lab 2\uP Lab2-3.X\Port\os_cpu_c.c
           OSTimeTickHook   0x0034fa    program     extern C:\Users\Duane\Desktop\Lab 2\uP Lab2-3.X\Port\os_cpu_c.c
            OSTCBInitHook   0x0034fc    program     extern C:\Users\Duane\Desktop\Lab 2\uP Lab2-3.X\Port\os_cpu_c.c
           OSTaskIdleHook   0x003518    program     extern C:\Users\Duane\Desktop\Lab 2\uP Lab2-3.X\Port\os_cpu_c.c
          OSInitHookBegin   0x00351a    program     extern C:\Users\Duane\Desktop\Lab 2\uP Lab2-3.X\Port\os_cpu_c.c
            OSInitHookEnd   0x00351c    program     extern C:\Users\Duane\Desktop\Lab 2\uP Lab2-3.X\Port\os_cpu_c.c
           OSStartHighRdy   0x00351e    program     extern C:\Users\Duane\Desktop\Lab 2\uP Lab2-3.X\Port\os_cpu_c.c
        ___while_lbl00011   0x003536    program     static                          
        ___while_lbl00012   0x003540    program     static                          
           ___if_lbl00013   0x003546    program     static                          
           ___do_lbl00016   0x00354c    program     static                          
           ___do_lbl00014   0x00355a    program     static                          
           ___do_lbl00015   0x00355e    program     static                          
       ___return_lbl00010   0x0035a0    program     static                          
                  OSCtxSw   0x0035a2    program     extern C:\Users\Duane\Desktop\Lab 2\uP Lab2-3.X\Port\os_cpu_c.c
        ___while_lbl00018   0x0035ec    program     static                          
        ___while_lbl00019   0x003604    program     static                          
           ___if_lbl00020   0x00360e    program     static                          
           ___do_lbl00023   0x003642    program     static                          
           ___do_lbl00021   0x003650    program     static                          
           ___do_lbl00022   0x003654    program     static                          
       ___return_lbl00017   0x003696    program     static                          
          CPUlowInterrupt   0x003698    program     extern C:\Users\Duane\Desktop\Lab 2\uP Lab2-3.X\Port\os_cpu_c.c
       ___return_lbl00026   0x003728    program     static                          
               OSIntCtxSw   0x00372a    program     extern C:\Users\Duane\Desktop\Lab 2\uP Lab2-3.X\Port\os_cpu_c.c
        ___while_lbl00028   0x003736    program     static                          
        ___while_lbl00029   0x00374e    program     static                          
           ___if_lbl00030   0x003758    program     static                          
        ___while_lbl00031   0x003786    program     static                          
        ___while_lbl00032   0x003790    program     static                          
           ___if_lbl00033   0x003796    program     static                          
           ___do_lbl00036   0x00379c    program     static                          
           ___do_lbl00034   0x0037aa    program     static                          
           ___do_lbl00035   0x0037ae    program     static                          
       ___return_lbl00027   0x0037f0    program     static                          
                   appISR   0x0037f2    program     extern C:\Users\Duane\Desktop\Lab 2\uP Lab2-3.X\App\code_lab2_3.c
            DelayFor18TCY   0x003828    program     extern C:\Users\Duane\Desktop\Lab 2\uP Lab2-3.X\App\code_lab2_3.c
             DelayPORXLCD   0x003834    program     extern C:\Users\Duane\Desktop\Lab 2\uP Lab2-3.X\App\code_lab2_3.c
                DelayXLCD   0x003840    program     extern C:\Users\Duane\Desktop\Lab 2\uP Lab2-3.X\App\code_lab2_3.c
                    TaskA   0x00384c    program     extern C:\Users\Duane\Desktop\Lab 2\uP Lab2-3.X\App\code_lab2_3.c
                    TaskB   0x003904    program     extern C:\Users\Duane\Desktop\Lab 2\uP Lab2-3.X\App\code_lab2_3.c
                     main   0x0039c6    program     extern C:\Users\Duane\Desktop\Lab 2\uP Lab2-3.X\App\code_lab2_3.c
                 OSMapTbl   0x003ada    program     extern C:\Users\Duane\Desktop\Lab 2\uP Lab2-3.X\Source\os_core.c
               OSUnMapTbl   0x003ae2    program     extern C:\Users\Duane\Desktop\Lab 2\uP Lab2-3.X\Source\os_core.c
                 OpenXLCD   0x003be2    program     extern C:\Users\Duane\Desktop\Lab 2\uP Lab2-3.X\cus_xlcd\openxlcd.c
                _do_cinit   0x003cce    program     extern E:\3.46\pic18-lt\cxx-framework\src\traditional\startup\c018i.c
                     test   0x003ce8    program     static                          
                copy_loop   0x003d40    program     static                          
            copy_one_byte   0x003d46    program     static                          
             done_copying   0x003d54    program     static                          
       ___return_lbl00002   0x003d6a    program     static                          
                     done   0x003d6a    program     static                          
                putrsXLCD   0x003d6c    program     extern C:\Users\Duane\Desktop\Lab 2\uP Lab2-3.X\cus_xlcd\putrxlcd.c
                  FXM3232   0x003de2    program     extern E:\3.46\pic18-lt\cxx-framework\src\traditional\math\fxm3232.c
       ___return_lbl00000   0x003e50    program     static                          
             SetDDRamAddr   0x003e52    program     extern C:\Users\Duane\Desktop\Lab 2\uP Lab2-3.X\cus_xlcd\setddram.c
             SetCGRamAddr   0x003eb0    program     extern C:\Users\Duane\Desktop\Lab 2\uP Lab2-3.X\cus_xlcd\setcgram.c
            WriteDataXLCD   0x003f0e    program     extern C:\Users\Duane\Desktop\Lab 2\uP Lab2-3.X\cus_xlcd\writdata.c
             WriteCmdXLCD   0x003f6a    program     extern C:\Users\Duane\Desktop\Lab 2\uP Lab2-3.X\cus_xlcd\wcmdxlcd.c
                 putsXLCD   0x003fc6    program     extern C:\Users\Duane\Desktop\Lab 2\uP Lab2-3.X\cus_xlcd\putsxlcd.c
             ReadDataXLCD   0x004020    program     extern C:\Users\Duane\Desktop\Lab 2\uP Lab2-3.X\cus_xlcd\readdata.c
             ReadAddrXLCD   0x004072    program     extern C:\Users\Duane\Desktop\Lab 2\uP Lab2-3.X\cus_xlcd\readaddr.c
                 FXD3232U   0x0040c4    program     extern E:\3.46\pic18-lt\cxx-framework\src\traditional\math\fxd3232u.c
                     loop   0x0040d2    program     static                          
                   _false   0x004106    program     static                          
       ___return_lbl00000   0x00410a    program     static                          
               OpenTimer1   0x00410c    program     extern E:\3.46\pic18-lt\cxx-framework\src\pmc_common\Timers\t1open.c
                 BusyXLCD   0x00414e    program     extern C:\Users\Duane\Desktop\Lab 2\uP Lab2-3.X\cus_xlcd\busyxlcd.c
              WriteTimer1   0x00418c    program     extern E:\3.46\pic18-lt\cxx-framework\src\pmc_common\Timers\t1write.c
              WriteTimer0   0x0041c4    program     extern E:\3.46\pic18-lt\cxx-framework\src\pmc_common\Timers\t0write.c
               OpenTimer0   0x0041fc    program     extern E:\3.46\pic18-lt\cxx-framework\src\pmc_common\Timers\t0open.c
                   memset   0x004234    program     extern E:\3.46\pic18-lt\cxx-framework\src\traditional\stdclib\memset.asm
                    jLoop   0x004248    program     static E:\3.46\pic18-lt\cxx-framework\src\traditional\stdclib\memset.asm
              _2jContinue   0x004254    program     static E:\3.46\pic18-lt\cxx-framework\src\traditional\stdclib\memset.asm
                   _3jEnd   0x00425e    program     static E:\3.46\pic18-lt\cxx-framework\src\traditional\stdclib\memset.asm
                     jEnd   0x004266    program     static E:\3.46\pic18-lt\cxx-framework\src\traditional\stdclib\memset.asm
             Delay10KTCYx   0x004268    program     extern E:\3.46\pic18-lt\cxx-framework\src\traditional\delays\d10ktcyx.asm
                    D10Kx   0x004272    program     static E:\3.46\pic18-lt\cxx-framework\src\traditional\delays\d10ktcyx.asm
                   D10K_1   0x004274    program     static E:\3.46\pic18-lt\cxx-framework\src\traditional\delays\d10ktcyx.asm
       _D10KTCYXCODE_0010   0x004278    program     static E:\3.46\pic18-lt\cxx-framework\src\traditional\delays\d10ktcyx.asm
                    D10Kl   0x004280    program     static E:\3.46\pic18-lt\cxx-framework\src\traditional\delays\d10ktcyx.asm
       _D10KTCYXCODE_001C   0x004284    program     static E:\3.46\pic18-lt\cxx-framework\src\traditional\delays\d10ktcyx.asm
            __zero_memory   0x004296    program     extern E:\3.46\pic18-lt\cxx-framework\src\traditional\proc\p18f452.asm
                   loop_h   0x0042a4    program     static E:\3.46\pic18-lt\cxx-framework\src\traditional\proc\p18f452.asm
               zero_block   0x0042a4    program     static E:\3.46\pic18-lt\cxx-framework\src\traditional\proc\p18f452.asm
                compare_l   0x0042ac    program     static E:\3.46\pic18-lt\cxx-framework\src\traditional\proc\p18f452.asm
                   loop_l   0x0042ae    program     static E:\3.46\pic18-lt\cxx-framework\src\traditional\proc\p18f452.asm
               __string_1   0x0042b6    program     static C:\Users\Duane\Desktop\Lab 2\uP Lab2-3.X\App\code_lab2_3.c
               __string_0   0x0042c5    program     static C:\Users\Duane\Desktop\Lab 2\uP Lab2-3.X\App\code_lab2_3.c
      CPUlowInterruptHook   0x0042d4    program     extern C:\Users\Duane\Desktop\Lab 2\uP Lab2-3.X\Port\vectors.c
     CPUhighInterruptHook   0x0042ec    program     extern C:\Users\Duane\Desktop\Lab 2\uP Lab2-3.X\Port\vectors.c
                 _startup   0x0042f2    program     extern E:\3.46\pic18-lt\cxx-framework\src\traditional\startup\c018i.c
                     loop   0x004302    program     static                          
       ___return_lbl00001   0x00430c    program     static                          
             Delay100TCYx   0x00430e    program     extern E:\3.46\pic18-lt\cxx-framework\src\traditional\delays\d100tcyx.asm
       _D100TCYXCODE_0008   0x004316    program     static E:\3.46\pic18-lt\cxx-framework\src\traditional\delays\d100tcyx.asm
                    D100x   0x00431a    program     static E:\3.46\pic18-lt\cxx-framework\src\traditional\delays\d100tcyx.asm
                   D100_1   0x00431c    program     static E:\3.46\pic18-lt\cxx-framework\src\traditional\delays\d100tcyx.asm
       _D100TCYXCODE_0012   0x004320    program     static E:\3.46\pic18-lt\cxx-framework\src\traditional\delays\d100tcyx.asm
       _D100TCYXCODE_0018   0x004326    program     static E:\3.46\pic18-lt\cxx-framework\src\traditional\delays\d100tcyx.asm
              Delay10TCYx   0x00432a    program     extern E:\3.46\pic18-lt\cxx-framework\src\traditional\delays\d10tcyx.asm
                     D10x   0x004332    program     static E:\3.46\pic18-lt\cxx-framework\src\traditional\delays\d10tcyx.asm
        _D10TCYXCODE_000A   0x004334    program     static E:\3.46\pic18-lt\cxx-framework\src\traditional\delays\d10tcyx.asm
        _D10TCYXCODE_000C   0x004336    program     static E:\3.46\pic18-lt\cxx-framework\src\traditional\delays\d10tcyx.asm
        _D10TCYXCODE_000E   0x004338    program     static E:\3.46\pic18-lt\cxx-framework\src\traditional\delays\d10tcyx.asm
                    D10_1   0x00433a    program     static E:\3.46\pic18-lt\cxx-framework\src\traditional\delays\d10tcyx.asm
                   __init   0x004340    program     extern E:\3.46\pic18-lt\cxx-framework\src\traditional\stdclib\__init.c
               __config_0   0x300001    program     static C:\Users\Duane\Desktop\Lab 2\uP Lab2-3.X\App\code_lab2_3.c
               __config_1   0x300003    program     static C:\Users\Duane\Desktop\Lab 2\uP Lab2-3.X\App\code_lab2_3.c
               __config_2   0x300006    program     static C:\Users\Duane\Desktop\Lab 2\uP Lab2-3.X\App\code_lab2_3.c
                  __tmp_0   0x000000       data     static C:\Users\Duane\Desktop\Lab 2\uP Lab2-3.X\Source\os_time.c
                  __tmp_0   0x000000       data     static C:\Users\Duane\Desktop\Lab 2\uP Lab2-3.X\Port\os_cpu_c.c
                  __tmp_0   0x000000       data     static C:\Users\Duane\Desktop\Lab 2\uP Lab2-3.X\App\code_lab2_3.c
                  __REMB3   0x000014       data     extern E:\3.46\pic18-lt\cxx-framework\src\traditional\math\aarg.asm
                 __AARGB7   0x000014       data     extern E:\3.46\pic18-lt\cxx-framework\src\traditional\math\aarg.asm
                  __REMB2   0x000015       data     extern E:\3.46\pic18-lt\cxx-framework\src\traditional\math\aarg.asm
                 __AARGB6   0x000015       data     extern E:\3.46\pic18-lt\cxx-framework\src\traditional\math\aarg.asm
                 __AARGB5   0x000016       data     extern E:\3.46\pic18-lt\cxx-framework\src\traditional\math\aarg.asm
                  __REMB1   0x000016       data     extern E:\3.46\pic18-lt\cxx-framework\src\traditional\math\aarg.asm
                 __AARGB4   0x000017       data     extern E:\3.46\pic18-lt\cxx-framework\src\traditional\math\aarg.asm
                  __REMB0   0x000017       data     extern E:\3.46\pic18-lt\cxx-framework\src\traditional\math\aarg.asm
                 __AARGB3   0x000018       data     extern E:\3.46\pic18-lt\cxx-framework\src\traditional\math\aarg.asm
                 __AARGB2   0x000019       data     extern E:\3.46\pic18-lt\cxx-framework\src\traditional\math\aarg.asm
                 __AARGB1   0x00001a       data     extern E:\3.46\pic18-lt\cxx-framework\src\traditional\math\aarg.asm
                 __AARGB0   0x00001b       data     extern E:\3.46\pic18-lt\cxx-framework\src\traditional\math\aarg.asm
                   __AEXP   0x00001c       data     extern E:\3.46\pic18-lt\cxx-framework\src\traditional\math\aarg.asm
                 __BARGB3   0x00001d       data     extern E:\3.46\pic18-lt\cxx-framework\src\traditional\math\barg.asm
                 __BARGB2   0x00001e       data     extern E:\3.46\pic18-lt\cxx-framework\src\traditional\math\barg.asm
                 __BARGB1   0x00001f       data     extern E:\3.46\pic18-lt\cxx-framework\src\traditional\math\barg.asm
                 __BARGB0   0x000020       data     extern E:\3.46\pic18-lt\cxx-framework\src\traditional\math\barg.asm
                   __BEXP   0x000021       data     extern E:\3.46\pic18-lt\cxx-framework\src\traditional\math\barg.asm
                     SIGN   0x000022       data     extern E:\3.46\pic18-lt\cxx-framework\src\traditional\math\cmath18.asm
                __FPFLAGS   0x000023       data     extern E:\3.46\pic18-lt\cxx-framework\src\traditional\math\cmath18.asm
            __FPFLAGSbits   0x000023       data     extern E:\3.46\pic18-lt\cxx-framework\src\traditional\math\cmath18.asm
            DelayCounter2   0x000024       data     extern E:\3.46\pic18-lt\cxx-framework\src\traditional\delays\delayd2.asm
            DelayCounter1   0x000025       data     extern E:\3.46\pic18-lt\cxx-framework\src\traditional\delays\delayd1.asm
               OSCtxSwCtr   0x0000b0       data     extern C:\Users\Duane\Desktop\Lab 2\uP Lab2-3.X\Source\ucos_ii.h
          OSEventFreeList   0x0000b4       data     extern C:\Users\Duane\Desktop\Lab 2\uP Lab2-3.X\Source\ucos_ii.h
               OSEventTbl   0x0000b6       data     extern C:\Users\Duane\Desktop\Lab 2\uP Lab2-3.X\Source\ucos_ii.h
               OSCPUUsage   0x0000fc       data     extern C:\Users\Duane\Desktop\Lab 2\uP Lab2-3.X\Source\ucos_ii.h
             OSIdleCtrMax   0x0000fd       data     extern C:\Users\Duane\Desktop\Lab 2\uP Lab2-3.X\Source\ucos_ii.h
             OSIdleCtrRun   0x000101       data     extern C:\Users\Duane\Desktop\Lab 2\uP Lab2-3.X\Source\ucos_ii.h
                OSStatRdy   0x000105       data     extern C:\Users\Duane\Desktop\Lab 2\uP Lab2-3.X\Source\ucos_ii.h
            OSTaskStatStk   0x000106       data     extern C:\Users\Duane\Desktop\Lab 2\uP Lab2-3.X\Source\ucos_ii.h
             OSIntNesting   0x00016a       data     extern C:\Users\Duane\Desktop\Lab 2\uP Lab2-3.X\Source\ucos_ii.h
               OSIntExitY   0x00016b       data     extern C:\Users\Duane\Desktop\Lab 2\uP Lab2-3.X\Source\ucos_ii.h
            OSLockNesting   0x00016c       data     extern C:\Users\Duane\Desktop\Lab 2\uP Lab2-3.X\Source\ucos_ii.h
[...]
                PORTDbits   0x000f83       data     extern E:\3.46\pic18-lt\cxx-framework\src\traditional\proc\p18f452.asm
                PORTEbits   0x000f84       data     extern E:\3.46\pic18-lt\cxx-framework\src\traditional\proc\p18f452.asm
                    PORTE   0x000f84       data     extern E:\3.46\pic18-lt\cxx-framework\src\traditional\proc\p18f452.asm
                 LATAbits   0x000f89       data     extern E:\3.46\pic18-lt\cxx-framework\src\traditional\proc\p18f452.asm
                     LATA   0x000f89       data     extern E:\3.46\pic18-lt\cxx-framework\src\traditional\proc\p18f452.asm
                     LATB   0x000f8a       data     extern E:\3.46\pic18-lt\cxx-framework\src\traditional\proc\p18f452.asm
                 LATBbits   0x000f8a       data     extern E:\3.46\pic18-lt\cxx-framework\src\traditional\proc\p18f452.asm
                     LATC   0x000f8b       data     extern E:\3.46\pic18-lt\cxx-framework\src\traditional\proc\p18f452.asm
                 LATCbits   0x000f8b       data     extern E:\3.46\pic18-lt\cxx-framework\src\traditional\proc\p18f452.asm
                     LATD   0x000f8c       data     extern E:\3.46\pic18-lt\cxx-framework\src\traditional\proc\p18f452.asm
                 LATDbits   0x000f8c       data     extern E:\3.46\pic18-lt\cxx-framework\src\traditional\proc\p18f452.asm
                 LATEbits   0x000f8d       data     extern E:\3.46\pic18-lt\cxx-framework\src\traditional\proc\p18f452.asm
                     LATE   0x000f8d       data     extern E:\3.46\pic18-lt\cxx-framework\src\traditional\proc\p18f452.asm
                    TRISA   0x000f92       data     extern E:\3.46\pic18-lt\cxx-framework\src\traditional\proc\p18f452.asm
                TRISAbits   0x000f92       data     extern E:\3.46\pic18-lt\cxx-framework\src\traditional\proc\p18f452.asm
                     DDRA   0x000f92       data     extern E:\3.46\pic18-lt\cxx-framework\src\traditional\proc\p18f452.asm
                 DDRAbits   0x000f92       data     extern E:\3.46\pic18-lt\cxx-framework\src\traditional\proc\p18f452.asm
                    TRISB   0x000f93       data     extern E:\3.46\pic18-lt\cxx-framework\src\traditional\proc\p18f452.asm
                TRISBbits   0x000f93       data     extern E:\3.46\pic18-lt\cxx-framework\src\traditional\proc\p18f452.asm
                     DDRB   0x000f93       data     extern E:\3.46\pic18-lt\cxx-framework\src\traditional\proc\p18f452.asm
                 DDRBbits   0x000f93       data     extern E:\3.46\pic18-lt\cxx-framework\src\traditional\proc\p18f452.asm
                    TRISC   0x000f94       data     extern E:\3.46\pic18-lt\cxx-framework\src\traditional\proc\p18f452.asm
                TRISCbits   0x000f94       data     extern E:\3.46\pic18-lt\cxx-framework\src\traditional\proc\p18f452.asm
                     DDRC   0x000f94       data     extern E:\3.46\pic18-lt\cxx-framework\src\traditional\proc\p18f452.asm
                 DDRCbits   0x000f94       data     extern E:\3.46\pic18-lt\cxx-framework\src\traditional\proc\p18f452.asm
                     DDRD   0x000f95       data     extern E:\3.46\pic18-lt\cxx-framework\src\traditional\proc\p18f452.asm
                 DDRDbits   0x000f95       data     extern E:\3.46\pic18-lt\cxx-framework\src\traditional\proc\p18f452.asm
                TRISDbits   0x000f95       data     extern E:\3.46\pic18-lt\cxx-framework\src\traditional\proc\p18f452.asm
                    TRISD   0x000f95       data     extern E:\3.46\pic18-lt\cxx-framework\src\traditional\proc\p18f452.asm
                     DDRE   0x000f96       data     extern E:\3.46\pic18-lt\cxx-framework\src\traditional\proc\p18f452.asm
                 DDREbits   0x000f96       data     extern E:\3.46\pic18-lt\cxx-framework\src\traditional\proc\p18f452.asm
                    TRISE   0x000f96       data     extern E:\3.46\pic18-lt\cxx-framework\src\traditional\proc\p18f452.asm
                TRISEbits   0x000f96       data     extern E:\3.46\pic18-lt\cxx-framework\src\traditional\proc\p18f452.asm
                 PIE1bits   0x000f9d       data     extern E:\3.46\pic18-lt\cxx-framework\src\traditional\proc\p18f452.asm
                     PIE1   0x000f9d       data     extern E:\3.46\pic18-lt\cxx-framework\src\traditional\proc\p18f452.asm
                 PIR1bits   0x000f9e       data     extern E:\3.46\pic18-lt\cxx-framework\src\traditional\proc\p18f452.asm
                     PIR1   0x000f9e       data     extern E:\3.46\pic18-lt\cxx-framework\src\traditional\proc\p18f452.asm
                     IPR1   0x000f9f       data     extern E:\3.46\pic18-lt\cxx-framework\src\traditional\proc\p18f452.asm
                 IPR1bits   0x000f9f       data     extern E:\3.46\pic18-lt\cxx-framework\src\traditional\proc\p18f452.asm
                     PIE2   0x000fa0       data     extern E:\3.46\pic18-lt\cxx-framework\src\traditional\proc\p18f452.asm
                 PIE2bits   0x000fa0       data     extern E:\3.46\pic18-lt\cxx-framework\src\traditional\proc\p18f452.asm
                     PIR2   0x000fa1       data     extern E:\3.46\pic18-lt\cxx-framework\src\traditional\proc\p18f452.asm
                 PIR2bits   0x000fa1       data     extern E:\3.46\pic18-lt\cxx-framework\src\traditional\proc\p18f452.asm
                     IPR2   0x000fa2       data     extern E:\3.46\pic18-lt\cxx-framework\src\traditional\proc\p18f452.asm
                 IPR2bits   0x000fa2       data     extern E:\3.46\pic18-lt\cxx-framework\src\traditional\proc\p18f452.asm
                   EECON1   0x000fa6       data     extern E:\3.46\pic18-lt\cxx-framework\src\traditional\proc\p18f452.asm
               EECON1bits   0x000fa6       data     extern E:\3.46\pic18-lt\cxx-framework\src\traditional\proc\p18f452.asm
                   EECON2   0x000fa7       data     extern E:\3.46\pic18-lt\cxx-framework\src\traditional\proc\p18f452.asm
                   EEDATA   0x000fa8       data     extern E:\3.46\pic18-lt\cxx-framework\src\traditional\proc\p18f452.asm
                    EEADR   0x000fa9       data     extern E:\3.46\pic18-lt\cxx-framework\src\traditional\proc\p18f452.asm
                    RCSTA   0x000fab       data     extern E:\3.46\pic18-lt\cxx-framework\src\traditional\proc\p18f452.asm
                RCSTAbits   0x000fab       data     extern E:\3.46\pic18-lt\cxx-framework\src\traditional\proc\p18f452.asm
                TXSTAbits   0x000fac       data     extern E:\3.46\pic18-lt\cxx-framework\src\traditional\proc\p18f452.asm
                    TXSTA   0x000fac       data     extern E:\3.46\pic18-lt\cxx-framework\src\traditional\proc\p18f452.asm
                    TXREG   0x000fad       data     extern E:\3.46\pic18-lt\cxx-framework\src\traditional\proc\p18f452.asm
                    RCREG   0x000fae       data     extern E:\3.46\pic18-lt\cxx-framework\src\traditional\proc\p18f452.asm
                    SPBRG   0x000faf       data     extern E:\3.46\pic18-lt\cxx-framework\src\traditional\proc\p18f452.asm
                    T3CON   0x000fb1       data     extern E:\3.46\pic18-lt\cxx-framework\src\traditional\proc\p18f452.asm
                T3CONbits   0x000fb1       data     extern E:\3.46\pic18-lt\cxx-framework\src\traditional\proc\p18f452.asm
                    TMR3L   0x000fb2       data     extern E:\3.46\pic18-lt\cxx-framework\src\traditional\proc\p18f452.asm
                    TMR3H   0x000fb3       data     extern E:\3.46\pic18-lt\cxx-framework\src\traditional\proc\p18f452.asm
                  CCP2CON   0x000fba       data     extern E:\3.46\pic18-lt\cxx-framework\src\traditional\proc\p18f452.asm
              CCP2CONbits   0x000fba       data     extern E:\3.46\pic18-lt\cxx-framework\src\traditional\proc\p18f452.asm
                   CCPR2L   0x000fbb       data     extern E:\3.46\pic18-lt\cxx-framework\src\traditional\proc\p18f452.asm
                    CCPR2   0x000fbb       data     extern E:\3.46\pic18-lt\cxx-framework\src\traditional\proc\p18f452.asm
                   CCPR2H   0x000fbc       data     extern E:\3.46\pic18-lt\cxx-framework\src\traditional\proc\p18f452.asm
              CCP1CONbits   0x000fbd       data     extern E:\3.46\pic18-lt\cxx-framework\src\traditional\proc\p18f452.asm
                  CCP1CON   0x000fbd       data     extern E:\3.46\pic18-lt\cxx-framework\src\traditional\proc\p18f452.asm
                   CCPR1L   0x000fbe       data     extern E:\3.46\pic18-lt\cxx-framework\src\traditional\proc\p18f452.asm
                    CCPR1   0x000fbe       data     extern E:\3.46\pic18-lt\cxx-framework\src\traditional\proc\p18f452.asm
                   CCPR1H   0x000fbf       data     extern E:\3.46\pic18-lt\cxx-framework\src\traditional\proc\p18f452.asm
                   ADCON1   0x000fc1       data     extern E:\3.46\pic18-lt\cxx-framework\src\traditional\proc\p18f452.asm
               ADCON1bits   0x000fc1       data     extern E:\3.46\pic18-lt\cxx-framework\src\traditional\proc\p18f452.asm
                   ADCON0   0x000fc2       data     extern E:\3.46\pic18-lt\cxx-framework\src\traditional\proc\p18f452.asm
               ADCON0bits   0x000fc2       data     extern E:\3.46\pic18-lt\cxx-framework\src\traditional\proc\p18f452.asm
                    ADRES   0x000fc3       data     extern E:\3.46\pic18-lt\cxx-framework\src\traditional\proc\p18f452.asm
                   ADRESL   0x000fc3       data     extern E:\3.46\pic18-lt\cxx-framework\src\traditional\proc\p18f452.asm
                   ADRESH   0x000fc4       data     extern E:\3.46\pic18-lt\cxx-framework\src\traditional\proc\p18f452.asm
              SSPCON2bits   0x000fc5       data     extern E:\3.46\pic18-lt\cxx-framework\src\traditional\proc\p18f452.asm
                  SSPCON2   0x000fc5       data     extern E:\3.46\pic18-lt\cxx-framework\src\traditional\proc\p18f452.asm
                  SSPCON1   0x000fc6       data     extern E:\3.46\pic18-lt\cxx-framework\src\traditional\proc\p18f452.asm
              SSPCON1bits   0x000fc6       data     extern E:\3.46\pic18-lt\cxx-framework\src\traditional\proc\p18f452.asm
                  SSPSTAT   0x000fc7       data     extern E:\3.46\pic18-lt\cxx-framework\src\traditional\proc\p18f452.asm
              SSPSTATbits   0x000fc7       data     extern E:\3.46\pic18-lt\cxx-framework\src\traditional\proc\p18f452.asm
                   SSPADD   0x000fc8       data     extern E:\3.46\pic18-lt\cxx-framework\src\traditional\proc\p18f452.asm
                   SSPBUF   0x000fc9       data     extern E:\3.46\pic18-lt\cxx-framework\src\traditional\proc\p18f452.asm
                T2CONbits   0x000fca       data     extern E:\3.46\pic18-lt\cxx-framework\src\traditional\proc\p18f452.asm
                    T2CON   0x000fca       data     extern E:\3.46\pic18-lt\cxx-framework\src\traditional\proc\p18f452.asm
                      PR2   0x000fcb       data     extern E:\3.46\pic18-lt\cxx-framework\src\traditional\proc\p18f452.asm
                     TMR2   0x000fcc       data     extern E:\3.46\pic18-lt\cxx-framework\src\traditional\proc\p18f452.asm
                    T1CON   0x000fcd       data     extern E:\3.46\pic18-lt\cxx-framework\src\traditional\proc\p18f452.asm
                T1CONbits   0x000fcd       data     extern E:\3.46\pic18-lt\cxx-framework\src\traditional\proc\p18f452.asm
                    TMR1L   0x000fce       data     extern E:\3.46\pic18-lt\cxx-framework\src\traditional\proc\p18f452.asm
                    TMR1H   0x000fcf       data     extern E:\3.46\pic18-lt\cxx-framework\src\traditional\proc\p18f452.asm
                 RCONbits   0x000fd0       data     extern E:\3.46\pic18-lt\cxx-framework\src\traditional\proc\p18f452.asm
                     RCON   0x000fd0       data     extern E:\3.46\pic18-lt\cxx-framework\src\traditional\proc\p18f452.asm
               WDTCONbits   0x000fd1       data     extern E:\3.46\pic18-lt\cxx-framework\src\traditional\proc\p18f452.asm
                   WDTCON   0x000fd1       data     extern E:\3.46\pic18-lt\cxx-framework\src\traditional\proc\p18f452.asm
                   LVDCON   0x000fd2       data     extern E:\3.46\pic18-lt\cxx-framework\src\traditional\proc\p18f452.asm
               LVDCONbits   0x000fd2       data     extern E:\3.46\pic18-lt\cxx-framework\src\traditional\proc\p18f452.asm
                   OSCCON   0x000fd3       data     extern E:\3.46\pic18-lt\cxx-framework\src\traditional\proc\p18f452.asm
               OSCCONbits   0x000fd3       data     extern E:\3.46\pic18-lt\cxx-framework\src\traditional\proc\p18f452.asm
                T0CONbits   0x000fd5       data     extern E:\3.46\pic18-lt\cxx-framework\src\traditional\proc\p18f452.asm
                    T0CON   0x000fd5       data     extern E:\3.46\pic18-lt\cxx-framework\src\traditional\proc\p18f452.asm
                    TMR0L   0x000fd6       data     extern E:\3.46\pic18-lt\cxx-framework\src\traditional\proc\p18f452.asm
                    TMR0H   0x000fd7       data     extern E:\3.46\pic18-lt\cxx-framework\src\traditional\proc\p18f452.asm
               STATUSbits   0x000fd8       data     extern E:\3.46\pic18-lt\cxx-framework\src\traditional\proc\p18f452.asm
                   STATUS   0x000fd8       data     extern E:\3.46\pic18-lt\cxx-framework\src\traditional\proc\p18f452.asm
                     FSR2   0x000fd9       data     extern E:\3.46\pic18-lt\cxx-framework\src\traditional\proc\p18f452.asm
                    FSR2L   0x000fd9       data     extern E:\3.46\pic18-lt\cxx-framework\src\traditional\proc\p18f452.asm
                    FSR2H   0x000fda       data     extern E:\3.46\pic18-lt\cxx-framework\src\traditional\proc\p18f452.asm
                   PLUSW2   0x000fdb       data     extern E:\3.46\pic18-lt\cxx-framework\src\traditional\proc\p18f452.asm
                  PREINC2   0x000fdc       data     extern E:\3.46\pic18-lt\cxx-framework\src\traditional\proc\p18f452.asm
                 POSTDEC2   0x000fdd       data     extern E:\3.46\pic18-lt\cxx-framework\src\traditional\proc\p18f452.asm
                 POSTINC2   0x000fde       data     extern E:\3.46\pic18-lt\cxx-framework\src\traditional\proc\p18f452.asm
                    INDF2   0x000fdf       data     extern E:\3.46\pic18-lt\cxx-framework\src\traditional\proc\p18f452.asm
                      BSR   0x000fe0       data     extern E:\3.46\pic18-lt\cxx-framework\src\traditional\proc\p18f452.asm
                    FSR1L   0x000fe1       data     extern E:\3.46\pic18-lt\cxx-framework\src\traditional\proc\p18f452.asm
                     FSR1   0x000fe1       data     extern E:\3.46\pic18-lt\cxx-framework\src\traditional\proc\p18f452.asm
                    FSR1H   0x000fe2       data     extern E:\3.46\pic18-lt\cxx-framework\src\traditional\proc\p18f452.asm
                   PLUSW1   0x000fe3       data     extern E:\3.46\pic18-lt\cxx-framework\src\traditional\proc\p18f452.asm
                  PREINC1   0x000fe4       data     extern E:\3.46\pic18-lt\cxx-framework\src\traditional\proc\p18f452.asm
                 POSTDEC1   0x000fe5       data     extern E:\3.46\pic18-lt\cxx-framework\src\traditional\proc\p18f452.asm
                 POSTINC1   0x000fe6       data     extern E:\3.46\pic18-lt\cxx-framework\src\traditional\proc\p18f452.asm
                    INDF1   0x000fe7       data     extern E:\3.46\pic18-lt\cxx-framework\src\traditional\proc\p18f452.asm
                     WREG   0x000fe8       data     extern E:\3.46\pic18-lt\cxx-framework\src\traditional\proc\p18f452.asm
                        W   0x000fe8       data     extern E:\3.46\pic18-lt\cxx-framework\src\traditional\proc\p18f452.asm
                    FSR0L   0x000fe9       data     extern E:\3.46\pic18-lt\cxx-framework\src\traditional\proc\p18f452.asm
                     FSR0   0x000fe9       data     extern E:\3.46\pic18-lt\cxx-framework\src\traditional\proc\p18f452.asm
                    FSR0H   0x000fea       data     extern E:\3.46\pic18-lt\cxx-framework\src\traditional\proc\p18f452.asm
                   PLUSW0   0x000feb       data     extern E:\3.46\pic18-lt\cxx-framework\src\traditional\proc\p18f452.asm
                  PREINC0   0x000fec       data     extern E:\3.46\pic18-lt\cxx-framework\src\traditional\proc\p18f452.asm
                 POSTDEC0   0x000fed       data     extern E:\3.46\pic18-lt\cxx-framework\src\traditional\proc\p18f452.asm
                 POSTINC0   0x000fee       data     extern E:\3.46\pic18-lt\cxx-framework\src\traditional\proc\p18f452.asm
                    INDF0   0x000fef       data     extern E:\3.46\pic18-lt\cxx-framework\src\traditional\proc\p18f452.asm
              INTCON3bits   0x000ff0       data     extern E:\3.46\pic18-lt\cxx-framework\src\traditional\proc\p18f452.asm
                  INTCON3   0x000ff0       data     extern E:\3.46\pic18-lt\cxx-framework\src\traditional\proc\p18f452.asm
              INTCON2bits   0x000ff1       data     extern E:\3.46\pic18-lt\cxx-framework\src\traditional\proc\p18f452.asm
                  INTCON2   0x000ff1       data     extern E:\3.46\pic18-lt\cxx-framework\src\traditional\proc\p18f452.asm
               INTCONbits   0x000ff2       data     extern E:\3.46\pic18-lt\cxx-framework\src\traditional\proc\p18f452.asm
              INTCON1bits   0x000ff2       data     extern E:\3.46\pic18-lt\cxx-framework\src\traditional\proc\p18f452.asm
                  INTCON1   0x000ff2       data     extern E:\3.46\pic18-lt\cxx-framework\src\traditional\proc\p18f452.asm
                   INTCON   0x000ff2       data     extern E:\3.46\pic18-lt\cxx-framework\src\traditional\proc\p18f452.asm
                    PRODL   0x000ff3       data     extern E:\3.46\pic18-lt\cxx-framework\src\traditional\proc\p18f452.asm
                     PROD   0x000ff3       data     extern E:\3.46\pic18-lt\cxx-framework\src\traditional\proc\p18f452.asm
                    PRODH   0x000ff4       data     extern E:\3.46\pic18-lt\cxx-framework\src\traditional\proc\p18f452.asm
                   TABLAT   0x000ff5       data     extern E:\3.46\pic18-lt\cxx-framework\src\traditional\proc\p18f452.asm
                   TBLPTR   0x000ff6       data     extern E:\3.46\pic18-lt\cxx-framework\src\traditional\proc\p18f452.asm
                  TBLPTRL   0x000ff6       data     extern E:\3.46\pic18-lt\cxx-framework\src\traditional\proc\p18f452.asm
                  TBLPTRH   0x000ff7       data     extern E:\3.46\pic18-lt\cxx-framework\src\traditional\proc\p18f452.asm
                  TBLPTRU   0x000ff8       data     extern E:\3.46\pic18-lt\cxx-framework\src\traditional\proc\p18f452.asm
                       PC   0x000ff9       data     extern E:\3.46\pic18-lt\cxx-framework\src\traditional\proc\p18f452.asm
                      PCL   0x000ff9       data     extern E:\3.46\pic18-lt\cxx-framework\src\traditional\proc\p18f452.asm
                   PCLATH   0x000ffa       data     extern E:\3.46\pic18-lt\cxx-framework\src\traditional\proc\p18f452.asm
                   PCLATU   0x000ffb       data     extern E:\3.46\pic18-lt\cxx-framework\src\traditional\proc\p18f452.asm
                   STKPTR   0x000ffc       data     extern E:\3.46\pic18-lt\cxx-framework\src\traditional\proc\p18f452.asm
               STKPTRbits   0x000ffc       data     extern E:\3.46\pic18-lt\cxx-framework\src\traditional\proc\p18f452.asm
                     TOSL   0x000ffd       data     extern E:\3.46\pic18-lt\cxx-framework\src\traditional\proc\p18f452.asm
                      TOS   0x000ffd       data     extern E:\3.46\pic18-lt\cxx-framework\src\traditional\proc\p18f452.asm
                     TOSH   0x000ffe       data     extern E:\3.46\pic18-lt\cxx-framework\src\traditional\proc\p18f452.asm
                     TOSU   0x000fff       data     extern E:\3.46\pic18-lt\cxx-framework\src\traditional\proc\p18f452.asm


